Archive member included to satisfy reference by file (symbol)

/opt/st/stm32cubeclt_1.17.0/GNU-tools-for-STM32/bin/../lib/gcc/arm-none-eabi/12.3.1/../../../../arm-none-eabi/lib/thumb/v7-m/nofp/libstdc++.a(class_type_info.o)
                              CMakeFiles/Ctrl-Step-STM32-fw.elf.dir/Ctrl/Driver/tb67h450_base.cpp.obj (vtable for __cxxabiv1::__class_type_info)
/opt/st/stm32cubeclt_1.17.0/GNU-tools-for-STM32/bin/../lib/gcc/arm-none-eabi/12.3.1/../../../../arm-none-eabi/lib/thumb/v7-m/nofp/libstdc++.a(del_ops.o)
                              /opt/st/stm32cubeclt_1.17.0/GNU-tools-for-STM32/bin/../lib/gcc/arm-none-eabi/12.3.1/../../../../arm-none-eabi/lib/thumb/v7-m/nofp/libstdc++.a(class_type_info.o) (operator delete(void*, unsigned int))
/opt/st/stm32cubeclt_1.17.0/GNU-tools-for-STM32/bin/../lib/gcc/arm-none-eabi/12.3.1/../../../../arm-none-eabi/lib/thumb/v7-m/nofp/libstdc++.a(si_class_type_info.o)
                              CMakeFiles/Ctrl-Step-STM32-fw.elf.dir/Ctrl/Driver/tb67h450_base.cpp.obj (vtable for __cxxabiv1::__si_class_type_info)
/opt/st/stm32cubeclt_1.17.0/GNU-tools-for-STM32/bin/../lib/gcc/arm-none-eabi/12.3.1/../../../../arm-none-eabi/lib/thumb/v7-m/nofp/libstdc++.a(tinfo.o)
                              /opt/st/stm32cubeclt_1.17.0/GNU-tools-for-STM32/bin/../lib/gcc/arm-none-eabi/12.3.1/../../../../arm-none-eabi/lib/thumb/v7-m/nofp/libstdc++.a(class_type_info.o) (std::type_info::~type_info())
/opt/st/stm32cubeclt_1.17.0/GNU-tools-for-STM32/bin/../lib/gcc/arm-none-eabi/12.3.1/../../../../arm-none-eabi/lib/thumb/v7-m/nofp/libstdc++.a(del_op.o)
                              /opt/st/stm32cubeclt_1.17.0/GNU-tools-for-STM32/bin/../lib/gcc/arm-none-eabi/12.3.1/../../../../arm-none-eabi/lib/thumb/v7-m/nofp/libstdc++.a(del_ops.o) (operator delete(void*))
/opt/st/stm32cubeclt_1.17.0/GNU-tools-for-STM32/bin/../lib/gcc/arm-none-eabi/12.3.1/../../../../arm-none-eabi/lib/thumb/v7-m/nofp/libm.a(libm_a-w_log.o)
                              CMakeFiles/Ctrl-Step-STM32-fw.elf.dir/Core/Src/adc.c.obj (log)
/opt/st/stm32cubeclt_1.17.0/GNU-tools-for-STM32/bin/../lib/gcc/arm-none-eabi/12.3.1/../../../../arm-none-eabi/lib/thumb/v7-m/nofp/libm.a(libm_a-wf_sqrt.o)
                              CMakeFiles/Ctrl-Step-STM32-fw.elf.dir/Ctrl/Motor/motor.cpp.obj (sqrtf)
/opt/st/stm32cubeclt_1.17.0/GNU-tools-for-STM32/bin/../lib/gcc/arm-none-eabi/12.3.1/../../../../arm-none-eabi/lib/thumb/v7-m/nofp/libm.a(libm_a-s_nan.o)
                              /opt/st/stm32cubeclt_1.17.0/GNU-tools-for-STM32/bin/../lib/gcc/arm-none-eabi/12.3.1/../../../../arm-none-eabi/lib/thumb/v7-m/nofp/libm.a(libm_a-w_log.o) (nan)
/opt/st/stm32cubeclt_1.17.0/GNU-tools-for-STM32/bin/../lib/gcc/arm-none-eabi/12.3.1/../../../../arm-none-eabi/lib/thumb/v7-m/nofp/libm.a(libm_a-ef_sqrt.o)
                              /opt/st/stm32cubeclt_1.17.0/GNU-tools-for-STM32/bin/../lib/gcc/arm-none-eabi/12.3.1/../../../../arm-none-eabi/lib/thumb/v7-m/nofp/libm.a(libm_a-wf_sqrt.o) (__ieee754_sqrtf)
/opt/st/stm32cubeclt_1.17.0/GNU-tools-for-STM32/bin/../lib/gcc/arm-none-eabi/12.3.1/../../../../arm-none-eabi/lib/thumb/v7-m/nofp/libm.a(libm_a-e_log.o)
                              /opt/st/stm32cubeclt_1.17.0/GNU-tools-for-STM32/bin/../lib/gcc/arm-none-eabi/12.3.1/../../../../arm-none-eabi/lib/thumb/v7-m/nofp/libm.a(libm_a-w_log.o) (__ieee754_log)
/opt/st/stm32cubeclt_1.17.0/GNU-tools-for-STM32/bin/../lib/gcc/arm-none-eabi/12.3.1/thumb/v7-m/nofp/libgcc.a(_arm_muldf3.o)
                              CMakeFiles/Ctrl-Step-STM32-fw.elf.dir/Core/Src/adc.c.obj (__aeabi_dmul)
/opt/st/stm32cubeclt_1.17.0/GNU-tools-for-STM32/bin/../lib/gcc/arm-none-eabi/12.3.1/thumb/v7-m/nofp/libgcc.a(_arm_mulsf3.o)
                              CMakeFiles/Ctrl-Step-STM32-fw.elf.dir/Core/Src/adc.c.obj (__aeabi_fmul)
/opt/st/stm32cubeclt_1.17.0/GNU-tools-for-STM32/bin/../lib/gcc/arm-none-eabi/12.3.1/thumb/v7-m/nofp/libgcc.a(_arm_addsubdf3.o)
                              CMakeFiles/Ctrl-Step-STM32-fw.elf.dir/Core/Src/adc.c.obj (__aeabi_dsub)
/opt/st/stm32cubeclt_1.17.0/GNU-tools-for-STM32/bin/../lib/gcc/arm-none-eabi/12.3.1/thumb/v7-m/nofp/libgcc.a(_arm_muldivdf3.o)
                              CMakeFiles/Ctrl-Step-STM32-fw.elf.dir/Core/Src/adc.c.obj (__aeabi_ddiv)
/opt/st/stm32cubeclt_1.17.0/GNU-tools-for-STM32/bin/../lib/gcc/arm-none-eabi/12.3.1/thumb/v7-m/nofp/libgcc.a(_arm_cmpdf2.o)
                              /opt/st/stm32cubeclt_1.17.0/GNU-tools-for-STM32/bin/../lib/gcc/arm-none-eabi/12.3.1/../../../../arm-none-eabi/lib/thumb/v7-m/nofp/libm.a(libm_a-w_log.o) (__aeabi_dcmpeq)
/opt/st/stm32cubeclt_1.17.0/GNU-tools-for-STM32/bin/../lib/gcc/arm-none-eabi/12.3.1/thumb/v7-m/nofp/libgcc.a(_arm_unorddf2.o)
                              /opt/st/stm32cubeclt_1.17.0/GNU-tools-for-STM32/bin/../lib/gcc/arm-none-eabi/12.3.1/../../../../arm-none-eabi/lib/thumb/v7-m/nofp/libm.a(libm_a-w_log.o) (__aeabi_dcmpun)
[...]
Memory Configuration

Name             Origin             Length             Attributes
RAM              0x20000000         0x00005000         xrw
FLASH            0x08000000         0x00020000         xr
*default*        0x00000000         0xffffffff

Linker script and memory map

LOAD /opt/st/stm32cubeclt_1.17.0/GNU-tools-for-STM32/bin/../lib/gcc/arm-none-eabi/12.3.1/thumb/v7-m/nofp/crti.o
LOAD /opt/st/stm32cubeclt_1.17.0/GNU-tools-for-STM32/bin/../lib/gcc/arm-none-eabi/12.3.1/thumb/v7-m/nofp/crtbegin.o
LOAD /opt/st/stm32cubeclt_1.17.0/GNU-tools-for-STM32/bin/../lib/gcc/arm-none-eabi/12.3.1/../../../../arm-none-eabi/lib/thumb/v7-m/nofp/crt0.o
LOAD CMakeFiles/Ctrl-Step-STM32-fw.elf.dir/Core/Src/adc.c.obj
LOAD CMakeFiles/Ctrl-Step-STM32-fw.elf.dir/Core/Src/can.c.obj
LOAD CMakeFiles/Ctrl-Step-STM32-fw.elf.dir/Core/Src/dma.c.obj
LOAD CMakeFiles/Ctrl-Step-STM32-fw.elf.dir/Core/Src/gpio.c.obj
LOAD CMakeFiles/Ctrl-Step-STM32-fw.elf.dir/Core/Src/main.c.obj
LOAD CMakeFiles/Ctrl-Step-STM32-fw.elf.dir/Core/Src/spi.c.obj
LOAD CMakeFiles/Ctrl-Step-STM32-fw.elf.dir/Core/Src/stm32f1xx_hal_msp.c.obj
LOAD CMakeFiles/Ctrl-Step-STM32-fw.elf.dir/Core/Src/stm32f1xx_it.c.obj
LOAD CMakeFiles/Ctrl-Step-STM32-fw.elf.dir/Core/Src/syscalls.c.obj
LOAD CMakeFiles/Ctrl-Step-STM32-fw.elf.dir/Core/Src/system_stm32f1xx.c.obj
LOAD CMakeFiles/Ctrl-Step-STM32-fw.elf.dir/Core/Src/tim.c.obj
LOAD CMakeFiles/Ctrl-Step-STM32-fw.elf.dir/Core/Src/usart.c.obj
LOAD CMakeFiles/Ctrl-Step-STM32-fw.elf.dir/Ctrl/Driver/tb67h450_base.cpp.obj
LOAD CMakeFiles/Ctrl-Step-STM32-fw.elf.dir/Ctrl/Motor/motion_planner.cpp.obj
LOAD CMakeFiles/Ctrl-Step-STM32-fw.elf.dir/Ctrl/Motor/motor.cpp.obj
LOAD CMakeFiles/Ctrl-Step-STM32-fw.elf.dir/Ctrl/Sensor/Encoder/encoder_calibrator_base.cpp.obj
LOAD CMakeFiles/Ctrl-Step-STM32-fw.elf.dir/Ctrl/Sensor/Encoder/mt6816_base.cpp.obj
LOAD CMakeFiles/Ctrl-Step-STM32-fw.elf.dir/Ctrl/Signal/button_base.cpp.obj
LOAD CMakeFiles/Ctrl-Step-STM32-fw.elf.dir/Ctrl/Signal/led_base.cpp.obj
LOAD CMakeFiles/Ctrl-Step-STM32-fw.elf.dir/Drivers/STM32F1xx_HAL_Driver/Src/stm32f1xx_hal.c.obj
LOAD CMakeFiles/Ctrl-Step-STM32-fw.elf.dir/Drivers/STM32F1xx_HAL_Driver/Src/stm32f1xx_hal_adc.c.obj
LOAD CMakeFiles/Ctrl-Step-STM32-fw.elf.dir/Drivers/STM32F1xx_HAL_Driver/Src/stm32f1xx_hal_adc_ex.c.obj
LOAD CMakeFiles/Ctrl-Step-STM32-fw.elf.dir/Drivers/STM32F1xx_HAL_Driver/Src/stm32f1xx_hal_can.c.obj
LOAD CMakeFiles/Ctrl-Step-STM32-fw.elf.dir/Drivers/STM32F1xx_HAL_Driver/Src/stm32f1xx_hal_cortex.c.obj
LOAD CMakeFiles/Ctrl-Step-STM32-fw.elf.dir/Drivers/STM32F1xx_HAL_Driver/Src/stm32f1xx_hal_dma.c.obj
LOAD CMakeFiles/Ctrl-Step-STM32-fw.elf.dir/Drivers/STM32F1xx_HAL_Driver/Src/stm32f1xx_hal_exti.c.obj
LOAD CMakeFiles/Ctrl-Step-STM32-fw.elf.dir/Drivers/STM32F1xx_HAL_Driver/Src/stm32f1xx_hal_flash.c.obj
LOAD CMakeFiles/Ctrl-Step-STM32-fw.elf.dir/Drivers/STM32F1xx_HAL_Driver/Src/stm32f1xx_hal_flash_ex.c.obj
LOAD CMakeFiles/Ctrl-Step-STM32-fw.elf.dir/Drivers/STM32F1xx_HAL_Driver/Src/stm32f1xx_hal_gpio.c.obj
LOAD CMakeFiles/Ctrl-Step-STM32-fw.elf.dir/Drivers/STM32F1xx_HAL_Driver/Src/stm32f1xx_hal_gpio_ex.c.obj
LOAD CMakeFiles/Ctrl-Step-STM32-fw.elf.dir/Drivers/STM32F1xx_HAL_Driver/Src/stm32f1xx_hal_pwr.c.obj
LOAD CMakeFiles/Ctrl-Step-STM32-fw.elf.dir/Drivers/STM32F1xx_HAL_Driver/Src/stm32f1xx_hal_rcc.c.obj
LOAD CMakeFiles/Ctrl-Step-STM32-fw.elf.dir/Drivers/STM32F1xx_HAL_Driver/Src/stm32f1xx_hal_rcc_ex.c.obj
LOAD CMakeFiles/Ctrl-Step-STM32-fw.elf.dir/Drivers/STM32F1xx_HAL_Driver/Src/stm32f1xx_hal_spi.c.obj
LOAD CMakeFiles/Ctrl-Step-STM32-fw.elf.dir/Drivers/STM32F1xx_HAL_Driver/Src/stm32f1xx_hal_tim.c.obj
LOAD CMakeFiles/Ctrl-Step-STM32-fw.elf.dir/Drivers/STM32F1xx_HAL_Driver/Src/stm32f1xx_hal_tim_ex.c.obj
LOAD CMakeFiles/Ctrl-Step-STM32-fw.elf.dir/Drivers/STM32F1xx_HAL_Driver/Src/stm32f1xx_hal_uart.c.obj
LOAD CMakeFiles/Ctrl-Step-STM32-fw.elf.dir/Port/Platform/Memory/emulated_eeprom.cpp.obj
LOAD CMakeFiles/Ctrl-Step-STM32-fw.elf.dir/Port/Platform/Memory/stockpile_f103cb.c.obj
LOAD CMakeFiles/Ctrl-Step-STM32-fw.elf.dir/Port/Platform/Utils/st_hardware.c.obj
LOAD CMakeFiles/Ctrl-Step-STM32-fw.elf.dir/Port/Platform/retarget.c.obj
LOAD CMakeFiles/Ctrl-Step-STM32-fw.elf.dir/Port/button_stm32.cpp.obj
LOAD CMakeFiles/Ctrl-Step-STM32-fw.elf.dir/Port/encoder_calibrator_stm32.cpp.obj
LOAD CMakeFiles/Ctrl-Step-STM32-fw.elf.dir/Port/led_stm32.cpp.obj
LOAD CMakeFiles/Ctrl-Step-STM32-fw.elf.dir/Port/mt6816_stm32.cpp.obj
LOAD CMakeFiles/Ctrl-Step-STM32-fw.elf.dir/Port/tb67h450_stm32.cpp.obj
LOAD CMakeFiles/Ctrl-Step-STM32-fw.elf.dir/UserApp/main.cpp.obj
LOAD CMakeFiles/Ctrl-Step-STM32-fw.elf.dir/UserApp/protocols/interface_can.cpp.obj
LOAD CMakeFiles/Ctrl-Step-STM32-fw.elf.dir/UserApp/protocols/interface_uart.cpp.obj
LOAD CMakeFiles/Ctrl-Step-STM32-fw.elf.dir/startup/startup_stm32f103xb.s.obj
LOAD /opt/st/stm32cubeclt_1.17.0/GNU-tools-for-STM32/bin/../lib/gcc/arm-none-eabi/12.3.1/../../../../arm-none-eabi/lib/thumb/v7-m/nofp/libstdc++.a
LOAD /opt/st/stm32cubeclt_1.17.0/GNU-tools-for-STM32/bin/../lib/gcc/arm-none-eabi/12.3.1/../../../../arm-none-eabi/lib/thumb/v7-m/nofp/libm.a
START GROUP
LOAD /opt/st/stm32cubeclt_1.17.0/GNU-tools-for-STM32/bin/../lib/gcc/arm-none-eabi/12.3.1/thumb/v7-m/nofp/libgcc.a
LOAD /opt/st/stm32cubeclt_1.17.0/GNU-tools-for-STM32/bin/../lib/gcc/arm-none-eabi/12.3.1/../../../../arm-none-eabi/lib/thumb/v7-m/nofp/libg.a
LOAD /opt/st/stm32cubeclt_1.17.0/GNU-tools-for-STM32/bin/../lib/gcc/arm-none-eabi/12.3.1/../../../../arm-none-eabi/lib/thumb/v7-m/nofp/libc.a
END GROUP
LOAD /opt/st/stm32cubeclt_1.17.0/GNU-tools-for-STM32/bin/../lib/gcc/arm-none-eabi/12.3.1/thumb/v7-m/nofp/crtend.o
LOAD /opt/st/stm32cubeclt_1.17.0/GNU-tools-for-STM32/bin/../lib/gcc/arm-none-eabi/12.3.1/thumb/v7-m/nofp/crtn.o
                0x20005000                        _estack = 0x20005000
                0x00000200                        _Min_Heap_Size = 0x200
                0x00000400                        _Min_Stack_Size = 0x400

.isr_vector     0x08000000      0x10c
                0x08000000                        . = ALIGN (0x4)
 *(.isr_vector)
 .isr_vector    0x08000000      0x10c CMakeFiles/Ctrl-Step-STM32-fw.elf.dir/startup/startup_stm32f103xb.s.obj
                0x08000000                g_pfnVectors
                0x0800010c                        . = ALIGN (0x4)

.text           0x08000110     0xdb0c
                0x08000110                        . = ALIGN (0x4)
 *(.text)
 .text          0x08000110       0x40 /opt/st/stm32cubeclt_1.17.0/GNU-tools-for-STM32/bin/../lib/gcc/arm-none-eabi/12.3.1/thumb/v7-m/nofp/crtbegin.o
 .text          0x08000150      0x378 /opt/st/stm32cubeclt_1.17.0/GNU-tools-for-STM32/bin/../lib/gcc/arm-none-eabi/12.3.1/thumb/v7-m/nofp/libgcc.a(_arm_addsubdf3.o)
                0x08000150                __aeabi_drsub
                0x08000158                __aeabi_dsub
                0x08000158                __subdf3
                0x0800015c                __adddf3
                0x0800015c                __aeabi_dadd
                0x080003d4                __aeabi_ui2d
                0x080003d4                __floatunsidf
                0x080003f4                __floatsidf
                0x080003f4                __aeabi_i2d
                0x08000418                __extendsfdf2
                0x08000418                __aeabi_f2d
                0x0800045c                __aeabi_ul2d
                0x0800045c                __floatundidf
                0x0800046c                __floatdidf
                0x0800046c                __aeabi_l2d
 .text          0x080004c8      0x424 /opt/st/stm32cubeclt_1.17.0/GNU-tools-for-STM32/bin/../lib/gcc/arm-none-eabi/12.3.1/thumb/v7-m/nofp/libgcc.a(_arm_muldivdf3.o)
                0x080004c8                __aeabi_dmul
                0x080004c8                __muldf3
                0x0800071c                __aeabi_ddiv
                0x0800071c                __divdf3
 .text          0x080008ec      0x110 /opt/st/stm32cubeclt_1.17.0/GNU-tools-for-STM32/bin/../lib/gcc/arm-none-eabi/12.3.1/thumb/v7-m/nofp/libgcc.a(_arm_cmpdf2.o)
                0x080008ec                __gtdf2
                0x080008ec                __gedf2
                0x080008f4                __ltdf2
                0x080008f4                __ledf2
                0x080008fc                __cmpdf2
                0x080008fc                __eqdf2
                0x080008fc                __nedf2
                0x08000978                __aeabi_cdrcmple
                0x08000988                __aeabi_cdcmple
                0x08000988                __aeabi_cdcmpeq
                0x08000998                __aeabi_dcmpeq
                0x080009ac                __aeabi_dcmplt
                0x080009c0                __aeabi_dcmple
                0x080009d4                __aeabi_dcmpge
                0x080009e8                __aeabi_dcmpgt
 .text          0x080009fc       0x2c /opt/st/stm32cubeclt_1.17.0/GNU-tools-for-STM32/bin/../lib/gcc/arm-none-eabi/12.3.1/thumb/v7-m/nofp/libgcc.a(_arm_unorddf2.o)
                0x080009fc                __aeabi_dcmpun
                0x080009fc                __unorddf2
 .text          0x08000a28       0xa0 /opt/st/stm32cubeclt_1.17.0/GNU-tools-for-STM32/bin/../lib/gcc/arm-none-eabi/12.3.1/thumb/v7-m/nofp/libgcc.a(_arm_truncdfsf2.o)
                0x08000a28                __aeabi_d2f
                0x08000a28                __truncdfsf2
 .text          0x08000ac8      0x21c /opt/st/stm32cubeclt_1.17.0/GNU-tools-for-STM32/bin/../lib/gcc/arm-none-eabi/12.3.1/thumb/v7-m/nofp/libgcc.a(_arm_addsubsf3.o)
                0x08000ac8                __aeabi_frsub
                0x08000ad0                __subsf3
                0x08000ad0                __aeabi_fsub
                0x08000ad4                __aeabi_fadd
                0x08000ad4                __addsf3
                0x08000c34                __aeabi_ui2f
                0x08000c34                __floatunsisf
                0x08000c3c                __aeabi_i2f
                0x08000c3c                __floatsisf
                0x08000c58                __floatundisf
                0x08000c58                __aeabi_ul2f
                0x08000c68                __floatdisf
                0x08000c68                __aeabi_l2f
 .text          0x08000ce4      0x2a0 /opt/st/stm32cubeclt_1.17.0/GNU-tools-for-STM32/bin/../lib/gcc/arm-none-eabi/12.3.1/thumb/v7-m/nofp/libgcc.a(_arm_muldivsf3.o)
                0x08000ce4                __mulsf3
                0x08000ce4                __aeabi_fmul
                0x08000e4c                __divsf3
                0x08000e4c                __aeabi_fdiv
 .text          0x08000f84       0xec /opt/st/stm32cubeclt_1.17.0/GNU-tools-for-STM32/bin/../lib/gcc/arm-none-eabi/12.3.1/thumb/v7-m/nofp/libgcc.a(_arm_cmpsf2.o)
                0x08000f84                __gtsf2
                0x08000f84                __gesf2
                0x08000f8c                __lesf2
                0x08000f8c                __ltsf2
                0x08000f94                __nesf2
                0x08000f94                __eqsf2
                0x08000f94                __cmpsf2
                0x08000ff4                __aeabi_cfrcmple
                0x08000ffc                __aeabi_cfcmple
                0x08000ffc                __aeabi_cfcmpeq
                0x0800100c                __aeabi_fcmpeq
                0x08001020                __aeabi_fcmplt
                0x08001034                __aeabi_fcmple
                0x08001048                __aeabi_fcmpge
                0x0800105c                __aeabi_fcmpgt
 .text          0x08001070       0x2c /opt/st/stm32cubeclt_1.17.0/GNU-tools-for-STM32/bin/../lib/gcc/arm-none-eabi/12.3.1/thumb/v7-m/nofp/libgcc.a(_arm_unordsf2.o)
                0x08001070                __aeabi_fcmpun
                0x08001070                __unordsf2
 .text          0x0800109c       0x4c /opt/st/stm32cubeclt_1.17.0/GNU-tools-for-STM32/bin/../lib/gcc/arm-none-eabi/12.3.1/thumb/v7-m/nofp/libgcc.a(_arm_fixsfsi.o)
                0x0800109c                __fixsfsi
                0x0800109c                __aeabi_f2iz
 .text          0x080010e8      0xa00 /opt/st/stm32cubeclt_1.17.0/GNU-tools-for-STM32/bin/../lib/gcc/arm-none-eabi/12.3.1/thumb/v7-m/nofp/libgcc.a(unwind-arm.o)
                0x080013a8                _Unwind_GetCFA
                0x080013ac                __gnu_Unwind_RaiseException
                0x08001414                __gnu_Unwind_ForcedUnwind
                0x08001428                __gnu_Unwind_Resume
                0x0800146c                __gnu_Unwind_Resume_or_Rethrow
                0x08001480                _Unwind_Complete
                0x08001484                _Unwind_DeleteException
                0x08001490                _Unwind_VRS_Get
                0x080014dc                _Unwind_VRS_Set
                0x08001524                __gnu_Unwind_Backtrace
                0x0800183c                __aeabi_unwind_cpp_pr0
                0x08001840                __aeabi_unwind_cpp_pr1
                0x08001844                __aeabi_unwind_cpp_pr2
                0x08001848                _Unwind_VRS_Pop
 .text          0x08001ae8      0x1ac /opt/st/stm32cubeclt_1.17.0/GNU-tools-for-STM32/bin/../lib/gcc/arm-none-eabi/12.3.1/thumb/v7-m/nofp/libgcc.a(libunwind.o)
                0x08001ae8                __restore_core_regs
                0x08001ae8                restore_core_regs
                0x08001b00                __gnu_Unwind_Restore_VFP
                0x08001b08                __gnu_Unwind_Save_VFP
                0x08001b10                __gnu_Unwind_Restore_VFP_D
                0x08001b18                __gnu_Unwind_Save_VFP_D
                0x08001b20                __gnu_Unwind_Restore_VFP_D_16_to_31
                0x08001b28                __gnu_Unwind_Save_VFP_D_16_to_31
                0x08001b30                __gnu_Unwind_Restore_WMMXD
                0x08001b74                __gnu_Unwind_Save_WMMXD
                0x08001bb8                __gnu_Unwind_Restore_WMMXC
                0x08001bcc                __gnu_Unwind_Save_WMMXC
                0x08001be0                ___Unwind_RaiseException
                0x08001be0                _Unwind_RaiseException
                0x08001c04                ___Unwind_Resume
                0x08001c04                _Unwind_Resume
                0x08001c28                _Unwind_Resume_or_Rethrow
                0x08001c28                ___Unwind_Resume_or_Rethrow
                0x08001c4c                ___Unwind_ForcedUnwind
                0x08001c4c                _Unwind_ForcedUnwind
                0x08001c70                _Unwind_Backtrace
                0x08001c70                ___Unwind_Backtrace
 .text          0x08001c94      0x37c /opt/st/stm32cubeclt_1.17.0/GNU-tools-for-STM32/bin/../lib/gcc/arm-none-eabi/12.3.1/thumb/v7-m/nofp/libgcc.a(pr-support.o)
                0x08001cec                __gnu_unwind_execute
                0x08001fc0                __gnu_unwind_frame
                0x08001ff0                _Unwind_GetRegionStart
                0x08001ffc                _Unwind_GetLanguageSpecificData
 .text          0x08002010       0x14 /opt/st/stm32cubeclt_1.17.0/GNU-tools-for-STM32/bin/../lib/gcc/arm-none-eabi/12.3.1/../../../../arm-none-eabi/lib/thumb/v7-m/nofp/libg.a(libc_a-strcmp.o)
                0x08002010                strcmp
 .text          0x08002024       0x10 /opt/st/stm32cubeclt_1.17.0/GNU-tools-for-STM32/bin/../lib/gcc/arm-none-eabi/12.3.1/../../../../arm-none-eabi/lib/thumb/v7-m/nofp/libg.a(libc_a-strlen.o)
                0x08002024                strlen
 .text          0x08002034       0x40 /opt/st/stm32cubeclt_1.17.0/GNU-tools-for-STM32/bin/../lib/gcc/arm-none-eabi/12.3.1/thumb/v7-m/nofp/libgcc.a(_arm_fixunsdfsi.o)
                0x08002034                __fixunsdfsi
                0x08002034                __aeabi_d2uiz
 .text          0x08002074       0x30 /opt/st/stm32cubeclt_1.17.0/GNU-tools-for-STM32/bin/../lib/gcc/arm-none-eabi/12.3.1/thumb/v7-m/nofp/libgcc.a(_aeabi_uldivmod.o)
                0x08002074                __aeabi_uldivmod
 .text          0x080020a4       0x30 /opt/st/stm32cubeclt_1.17.0/GNU-tools-for-STM32/bin/../lib/gcc/arm-none-eabi/12.3.1/thumb/v7-m/nofp/libgcc.a(_fixdfdi.o)
                0x080020a4                __aeabi_d2lz
                0x080020a4                __fixdfdi
 .text          0x080020d4       0x3c /opt/st/stm32cubeclt_1.17.0/GNU-tools-for-STM32/bin/../lib/gcc/arm-none-eabi/12.3.1/thumb/v7-m/nofp/libgcc.a(_fixunsdfdi.o)
                0x080020d4                __aeabi_d2ulz
                0x080020d4                __fixunsdfdi
 .text          0x08002110      0x2b8 /opt/st/stm32cubeclt_1.17.0/GNU-tools-for-STM32/bin/../lib/gcc/arm-none-eabi/12.3.1/thumb/v7-m/nofp/libgcc.a(_udivmoddi4.o)
                0x08002110                __udivmoddi4
 .text          0x080023c8        0x4 /opt/st/stm32cubeclt_1.17.0/GNU-tools-for-STM32/bin/../lib/gcc/arm-none-eabi/12.3.1/thumb/v7-m/nofp/libgcc.a(_dvmd_tls.o)
                0x080023c8                __aeabi_ldiv0
                0x080023c8                __aeabi_idiv0
 *(.text*)
 .text.MX_ADC1_Init
                0x080023cc       0x90 CMakeFiles/Ctrl-Step-STM32-fw.elf.dir/Core/Src/adc.c.obj
                0x080023cc                MX_ADC1_Init
 .text.HAL_ADC_MspInit
                0x0800245c       0x9c CMakeFiles/Ctrl-Step-STM32-fw.elf.dir/Core/Src/adc.c.obj
                0x0800245c                HAL_ADC_MspInit
 .text.AdcGetChipTemperature
                0x080024f8       0x98 CMakeFiles/Ctrl-Step-STM32-fw.elf.dir/Core/Src/adc.c.obj
                0x080024f8                AdcGetChipTemperature
 .text.MX_CAN_Init
                0x08002590       0xa4 CMakeFiles/Ctrl-Step-STM32-fw.elf.dir/Core/Src/can.c.obj
                0x08002590                MX_CAN_Init
 .text.HAL_CAN_MspInit
                0x08002634       0xc8 CMakeFiles/Ctrl-Step-STM32-fw.elf.dir/Core/Src/can.c.obj
                0x08002634                HAL_CAN_MspInit
 .text.CAN_Send
                0x080026fc       0x20 CMakeFiles/Ctrl-Step-STM32-fw.elf.dir/Core/Src/can.c.obj
                0x080026fc                CAN_Send
 .text.HAL_CAN_RxFifo0MsgPendingCallback
                0x0800271c       0x48 CMakeFiles/Ctrl-Step-STM32-fw.elf.dir/Core/Src/can.c.obj
                0x0800271c                HAL_CAN_RxFifo0MsgPendingCallback
 .text.MX_DMA_Init
                0x08002764       0x54 CMakeFiles/Ctrl-Step-STM32-fw.elf.dir/Core/Src/dma.c.obj
                0x08002764                MX_DMA_Init
 .text.MX_GPIO_Init
                0x080027b8      0x140 CMakeFiles/Ctrl-Step-STM32-fw.elf.dir/Core/Src/gpio.c.obj
                0x080027b8                MX_GPIO_Init
 .text.Error_Handler
                0x080028f8        0x4 CMakeFiles/Ctrl-Step-STM32-fw.elf.dir/Core/Src/main.c.obj
                0x080028f8                Error_Handler
 .text.SystemClock_Config
                0x080028fc       0x84 CMakeFiles/Ctrl-Step-STM32-fw.elf.dir/Core/Src/main.c.obj
                0x080028fc                SystemClock_Config
 .text.main     0x08002980       0x38 CMakeFiles/Ctrl-Step-STM32-fw.elf.dir/Core/Src/main.c.obj
                0x08002980                main
 .text.MX_SPI1_Init
                0x080029b8       0x4c CMakeFiles/Ctrl-Step-STM32-fw.elf.dir/Core/Src/spi.c.obj
                0x080029b8                MX_SPI1_Init
 .text.HAL_SPI_MspInit
                0x08002a04       0x88 CMakeFiles/Ctrl-Step-STM32-fw.elf.dir/Core/Src/spi.c.obj
                0x08002a04                HAL_SPI_MspInit
 .text.HAL_MspInit
                0x08002a8c       0x44 CMakeFiles/Ctrl-Step-STM32-fw.elf.dir/Core/Src/stm32f1xx_hal_msp.c.obj
                0x08002a8c                HAL_MspInit
 .text.NMI_Handler
                0x08002ad0        0x2 CMakeFiles/Ctrl-Step-STM32-fw.elf.dir/Core/Src/stm32f1xx_it.c.obj
                0x08002ad0                NMI_Handler
 .text.HardFault_Handler
                0x08002ad2        0x2 CMakeFiles/Ctrl-Step-STM32-fw.elf.dir/Core/Src/stm32f1xx_it.c.obj
                0x08002ad2                HardFault_Handler
 .text.MemManage_Handler
                0x08002ad4        0x2 CMakeFiles/Ctrl-Step-STM32-fw.elf.dir/Core/Src/stm32f1xx_it.c.obj
                0x08002ad4                MemManage_Handler
 .text.BusFault_Handler
                0x08002ad6        0x2 CMakeFiles/Ctrl-Step-STM32-fw.elf.dir/Core/Src/stm32f1xx_it.c.obj
                0x08002ad6                BusFault_Handler
 .text.UsageFault_Handler
                0x08002ad8        0x2 CMakeFiles/Ctrl-Step-STM32-fw.elf.dir/Core/Src/stm32f1xx_it.c.obj
                0x08002ad8                UsageFault_Handler
 .text.SVC_Handler
                0x08002ada        0x2 CMakeFiles/Ctrl-Step-STM32-fw.elf.dir/Core/Src/stm32f1xx_it.c.obj
                0x08002ada                SVC_Handler
 .text.DebugMon_Handler
                0x08002adc        0x2 CMakeFiles/Ctrl-Step-STM32-fw.elf.dir/Core/Src/stm32f1xx_it.c.obj
                0x08002adc                DebugMon_Handler
 .text.PendSV_Handler
                0x08002ade        0x2 CMakeFiles/Ctrl-Step-STM32-fw.elf.dir/Core/Src/stm32f1xx_it.c.obj
                0x08002ade                PendSV_Handler
 .text.SysTick_Handler
                0x08002ae0        0x8 CMakeFiles/Ctrl-Step-STM32-fw.elf.dir/Core/Src/stm32f1xx_it.c.obj
                0x08002ae0                SysTick_Handler
 .text.DMA1_Channel1_IRQHandler
                0x08002ae8       0x10 CMakeFiles/Ctrl-Step-STM32-fw.elf.dir/Core/Src/stm32f1xx_it.c.obj
                0x08002ae8                DMA1_Channel1_IRQHandler
 .text.DMA1_Channel4_IRQHandler
                0x08002af8       0x10 CMakeFiles/Ctrl-Step-STM32-fw.elf.dir/Core/Src/stm32f1xx_it.c.obj
                0x08002af8                DMA1_Channel4_IRQHandler
 .text.DMA1_Channel5_IRQHandler
                0x08002b08       0x10 CMakeFiles/Ctrl-Step-STM32-fw.elf.dir/Core/Src/stm32f1xx_it.c.obj
                0x08002b08                DMA1_Channel5_IRQHandler
 .text.USB_HP_CAN1_TX_IRQHandler
                0x08002b18       0x10 CMakeFiles/Ctrl-Step-STM32-fw.elf.dir/Core/Src/stm32f1xx_it.c.obj
                0x08002b18                USB_HP_CAN1_TX_IRQHandler
 .text.USB_LP_CAN1_RX0_IRQHandler
                0x08002b28       0x10 CMakeFiles/Ctrl-Step-STM32-fw.elf.dir/Core/Src/stm32f1xx_it.c.obj
                0x08002b28                USB_LP_CAN1_RX0_IRQHandler
 .text.CAN1_RX1_IRQHandler
                0x08002b38       0x10 CMakeFiles/Ctrl-Step-STM32-fw.elf.dir/Core/Src/stm32f1xx_it.c.obj
                0x08002b38                CAN1_RX1_IRQHandler
 .text.CAN1_SCE_IRQHandler
                0x08002b48       0x10 CMakeFiles/Ctrl-Step-STM32-fw.elf.dir/Core/Src/stm32f1xx_it.c.obj
                0x08002b48                CAN1_SCE_IRQHandler
 .text.EXTI9_5_IRQHandler
                0x08002b58        0x2 CMakeFiles/Ctrl-Step-STM32-fw.elf.dir/Core/Src/stm32f1xx_it.c.obj
                0x08002b58                EXTI9_5_IRQHandler
 .text.TIM1_UP_IRQHandler
                0x08002b5a        0x8 CMakeFiles/Ctrl-Step-STM32-fw.elf.dir/Core/Src/stm32f1xx_it.c.obj
                0x08002b5a                TIM1_UP_IRQHandler
 .text.TIM3_IRQHandler
                0x08002b62        0x2 CMakeFiles/Ctrl-Step-STM32-fw.elf.dir/Core/Src/stm32f1xx_it.c.obj
                0x08002b62                TIM3_IRQHandler
 .text.TIM4_IRQHandler
                0x08002b64        0x8 CMakeFiles/Ctrl-Step-STM32-fw.elf.dir/Core/Src/stm32f1xx_it.c.obj
                0x08002b64                TIM4_IRQHandler
 .text.USART1_IRQHandler
                0x08002b6c       0x78 CMakeFiles/Ctrl-Step-STM32-fw.elf.dir/Core/Src/stm32f1xx_it.c.obj
                0x08002b6c                USART1_IRQHandler
 .text._getpid  0x08002be4        0x4 CMakeFiles/Ctrl-Step-STM32-fw.elf.dir/Core/Src/syscalls.c.obj
                0x08002be4                _getpid
 .text._kill    0x08002be8       0x10 CMakeFiles/Ctrl-Step-STM32-fw.elf.dir/Core/Src/syscalls.c.obj
                0x08002be8                _kill
 .text._exit    0x08002bf8        0xc CMakeFiles/Ctrl-Step-STM32-fw.elf.dir/Core/Src/syscalls.c.obj
                0x08002bf8                _exit
 .text._sbrk    0x08002c04       0x3c CMakeFiles/Ctrl-Step-STM32-fw.elf.dir/Core/Src/syscalls.c.obj
                0x08002c04                _sbrk
 .text.SystemInit
                0x08002c40        0x2 CMakeFiles/Ctrl-Step-STM32-fw.elf.dir/Core/Src/system_stm32f1xx.c.obj
                0x08002c40                SystemInit
 *fill*         0x08002c42        0x2 
 .text.MX_TIM1_Init
                0x08002c44       0x74 CMakeFiles/Ctrl-Step-STM32-fw.elf.dir/Core/Src/tim.c.obj
                0x08002c44                MX_TIM1_Init
 .text.MX_TIM3_Init
                0x08002cb8       0xac CMakeFiles/Ctrl-Step-STM32-fw.elf.dir/Core/Src/tim.c.obj
                0x08002cb8                MX_TIM3_Init
 .text.MX_TIM4_Init
                0x08002d64       0x70 CMakeFiles/Ctrl-Step-STM32-fw.elf.dir/Core/Src/tim.c.obj
                0x08002d64                MX_TIM4_Init
 .text.HAL_TIM_Base_MspInit
                0x08002dd4       0xcc CMakeFiles/Ctrl-Step-STM32-fw.elf.dir/Core/Src/tim.c.obj
                0x08002dd4                HAL_TIM_Base_MspInit
 .text.HAL_TIM_PWM_MspInit
                0x08002ea0       0x26 CMakeFiles/Ctrl-Step-STM32-fw.elf.dir/Core/Src/tim.c.obj
                0x08002ea0                HAL_TIM_PWM_MspInit
 *fill*         0x08002ec6        0x2 
 .text.HAL_TIM_MspPostInit
                0x08002ec8       0x64 CMakeFiles/Ctrl-Step-STM32-fw.elf.dir/Core/Src/tim.c.obj
                0x08002ec8                HAL_TIM_MspPostInit
 .text.MX_TIM2_Init
                0x08002f2c       0xa0 CMakeFiles/Ctrl-Step-STM32-fw.elf.dir/Core/Src/tim.c.obj
                0x08002f2c                MX_TIM2_Init
 .text.HAL_UART_MspInit
                0x08002fcc      0x104 CMakeFiles/Ctrl-Step-STM32-fw.elf.dir/Core/Src/usart.c.obj
                0x08002fcc                HAL_UART_MspInit
 .text.Uart_SetRxCpltCallBack
                0x080030d0        0xc CMakeFiles/Ctrl-Step-STM32-fw.elf.dir/Core/Src/usart.c.obj
                0x080030d0                Uart_SetRxCpltCallBack
 .text.MX_USART1_UART_Init
                0x080030dc       0x60 CMakeFiles/Ctrl-Step-STM32-fw.elf.dir/Core/Src/usart.c.obj
                0x080030dc                MX_USART1_UART_Init
 .text._ZN12TB67H450Base8InitGpioEv
                0x0800313c        0x2 CMakeFiles/Ctrl-Step-STM32-fw.elf.dir/Ctrl/Driver/tb67h450_base.cpp.obj
                0x0800313c                TB67H450Base::InitGpio()
 .text._ZN12TB67H450Base7InitPwmEv
                0x0800313e        0x2 CMakeFiles/Ctrl-Step-STM32-fw.elf.dir/Ctrl/Driver/tb67h450_base.cpp.obj
                0x0800313e                TB67H450Base::InitPwm()
 .text._ZN12TB67H450Base16DacOutputVoltageEtt
                0x08003140        0x2 CMakeFiles/Ctrl-Step-STM32-fw.elf.dir/Ctrl/Driver/tb67h450_base.cpp.obj
                0x08003140                TB67H450Base::DacOutputVoltage(unsigned short, unsigned short)
 .text._ZN12TB67H450Base9SetInputAEbb
                0x08003142        0x2 CMakeFiles/Ctrl-Step-STM32-fw.elf.dir/Ctrl/Driver/tb67h450_base.cpp.obj
                0x08003142                TB67H450Base::SetInputA(bool, bool)
 .text._ZN12TB67H450Base9SetInputBEbb
                0x08003144        0x2 CMakeFiles/Ctrl-Step-STM32-fw.elf.dir/Ctrl/Driver/tb67h450_base.cpp.obj
                0x08003144                TB67H450Base::SetInputB(bool, bool)
 .text._ZN12TB67H450Base4InitEv
                0x08003146       0x14 CMakeFiles/Ctrl-Step-STM32-fw.elf.dir/Ctrl/Driver/tb67h450_base.cpp.obj
                0x08003146                TB67H450Base::Init()
 *fill*         0x0800315a        0x2 
 .text._ZN12TB67H450Base19SetFocCurrentVectorEml
                0x0800315c       0xd4 CMakeFiles/Ctrl-Step-STM32-fw.elf.dir/Ctrl/Driver/tb67h450_base.cpp.obj
                0x0800315c                TB67H450Base::SetFocCurrentVector(unsigned long, long)
 .text._ZN12TB67H450Base18SetTwoCoilsCurrentEtt
                0x08003230        0xa CMakeFiles/Ctrl-Step-STM32-fw.elf.dir/Ctrl/Driver/tb67h450_base.cpp.obj
                0x08003230                TB67H450Base::SetTwoCoilsCurrent(unsigned short, unsigned short)
 .text._ZN12TB67H450Base5SleepEv
                0x0800323a       0x2e CMakeFiles/Ctrl-Step-STM32-fw.elf.dir/Ctrl/Driver/tb67h450_base.cpp.obj
                0x0800323a                TB67H450Base::Sleep()
 .text._ZN12TB67H450Base5BrakeEv
                0x08003268       0x2c CMakeFiles/Ctrl-Step-STM32-fw.elf.dir/Ctrl/Driver/tb67h450_base.cpp.obj
                0x08003268                TB67H450Base::Brake()
 .text._ZN13MotionPlanner14CurrentTracker7NewTaskEl
                0x08003294        0x8 CMakeFiles/Ctrl-Step-STM32-fw.elf.dir/Ctrl/Motor/motion_planner.cpp.obj
                0x08003294                MotionPlanner::CurrentTracker::NewTask(long)
 .text._ZN13MotionPlanner14CurrentTracker19CalcCurrentIntegralEl
                0x0800329c       0x26 CMakeFiles/Ctrl-Step-STM32-fw.elf.dir/Ctrl/Motor/motion_planner.cpp.obj
                0x0800329c                MotionPlanner::CurrentTracker::CalcCurrentIntegral(long)
 .text._ZN13MotionPlanner14CurrentTracker12CalcSoftGoalEl
                0x080032c2       0x78 CMakeFiles/Ctrl-Step-STM32-fw.elf.dir/Ctrl/Motor/motion_planner.cpp.obj
                0x080032c2                MotionPlanner::CurrentTracker::CalcSoftGoal(long)
 .text._ZN13MotionPlanner14CurrentTracker13SetCurrentAccEl
                0x0800333a        0x4 CMakeFiles/Ctrl-Step-STM32-fw.elf.dir/Ctrl/Motor/motion_planner.cpp.obj
                0x0800333a                MotionPlanner::CurrentTracker::SetCurrentAcc(long)
 .text._ZN13MotionPlanner14CurrentTracker4InitEv
                0x0800333e       0x10 CMakeFiles/Ctrl-Step-STM32-fw.elf.dir/Ctrl/Motor/motion_planner.cpp.obj
                0x0800333e                MotionPlanner::CurrentTracker::Init()
 .text._ZN13MotionPlanner15VelocityTracker14SetVelocityAccEl
                0x0800334e        0x4 CMakeFiles/Ctrl-Step-STM32-fw.elf.dir/Ctrl/Motor/motion_planner.cpp.obj
                0x0800334e                MotionPlanner::VelocityTracker::SetVelocityAcc(long)
 .text._ZN13MotionPlanner15VelocityTracker4InitEv
                0x08003352       0x10 CMakeFiles/Ctrl-Step-STM32-fw.elf.dir/Ctrl/Motor/motion_planner.cpp.obj
                0x08003352                MotionPlanner::VelocityTracker::Init()
 .text._ZN13MotionPlanner15VelocityTracker7NewTaskEl
                0x08003362        0x8 CMakeFiles/Ctrl-Step-STM32-fw.elf.dir/Ctrl/Motor/motion_planner.cpp.obj
                0x08003362                MotionPlanner::VelocityTracker::NewTask(long)
 .text._ZN13MotionPlanner15VelocityTracker20CalcVelocityIntegralEl
                0x0800336a       0x26 CMakeFiles/Ctrl-Step-STM32-fw.elf.dir/Ctrl/Motor/motion_planner.cpp.obj
                0x0800336a                MotionPlanner::VelocityTracker::CalcVelocityIntegral(long)
 .text._ZN13MotionPlanner15VelocityTracker12CalcSoftGoalEl
                0x08003390       0x78 CMakeFiles/Ctrl-Step-STM32-fw.elf.dir/Ctrl/Motor/motion_planner.cpp.obj
                0x08003390                MotionPlanner::VelocityTracker::CalcSoftGoal(long)
 .text._ZN13MotionPlanner15PositionTracker14SetVelocityAccEl
                0x08003408       0x1c CMakeFiles/Ctrl-Step-STM32-fw.elf.dir/Ctrl/Motor/motion_planner.cpp.obj
                0x08003408                MotionPlanner::PositionTracker::SetVelocityAcc(long)
 .text._ZN13MotionPlanner15PositionTracker4InitEv
                0x08003424       0x2c CMakeFiles/Ctrl-Step-STM32-fw.elf.dir/Ctrl/Motor/motion_planner.cpp.obj
                0x08003424                MotionPlanner::PositionTracker::Init()
 .text._ZN13MotionPlanner15PositionTracker7NewTaskEll
                0x08003450        0xc CMakeFiles/Ctrl-Step-STM32-fw.elf.dir/Ctrl/Motor/motion_planner.cpp.obj
                0x08003450                MotionPlanner::PositionTracker::NewTask(long, long)
 .text._ZN13MotionPlanner15PositionTracker20CalcPositionIntegralEl
                0x0800345c       0x26 CMakeFiles/Ctrl-Step-STM32-fw.elf.dir/Ctrl/Motor/motion_planner.cpp.obj
                0x0800345c                MotionPlanner::PositionTracker::CalcPositionIntegral(long)
 .text._ZN13MotionPlanner15PositionTracker20CalcVelocityIntegralEl
                0x08003482       0x26 CMakeFiles/Ctrl-Step-STM32-fw.elf.dir/Ctrl/Motor/motion_planner.cpp.obj
                0x08003482                MotionPlanner::PositionTracker::CalcVelocityIntegral(long)
 .text._ZN13MotionPlanner15PositionTracker12CalcSoftGoalEl
                0x080034a8      0x1e8 CMakeFiles/Ctrl-Step-STM32-fw.elf.dir/Ctrl/Motor/motion_planner.cpp.obj
                0x080034a8                MotionPlanner::PositionTracker::CalcSoftGoal(long)
 .text._ZN13MotionPlanner20PositionInterpolator7NewTaskEll
                0x08003690        0xa CMakeFiles/Ctrl-Step-STM32-fw.elf.dir/Ctrl/Motor/motion_planner.cpp.obj
                0x08003690                MotionPlanner::PositionInterpolator::NewTask(long, long)
 .text._ZN13MotionPlanner20PositionInterpolator12CalcSoftGoalEl
                0x0800369a       0x34 CMakeFiles/Ctrl-Step-STM32-fw.elf.dir/Ctrl/Motor/motion_planner.cpp.obj
                0x0800369a                MotionPlanner::PositionInterpolator::CalcSoftGoal(long)
 .text._ZN13MotionPlanner17TrajectoryTracker22SetSlowDownVelocityAccEl
                0x080036ce        0x4 CMakeFiles/Ctrl-Step-STM32-fw.elf.dir/Ctrl/Motor/motion_planner.cpp.obj
                0x080036ce                MotionPlanner::TrajectoryTracker::SetSlowDownVelocityAcc(long)
 .text._ZN13MotionPlanner17TrajectoryTracker7NewTaskEll
                0x080036d2       0x10 CMakeFiles/Ctrl-Step-STM32-fw.elf.dir/Ctrl/Motor/motion_planner.cpp.obj
                0x080036d2                MotionPlanner::TrajectoryTracker::NewTask(long, long)
 .text._ZN13MotionPlanner17TrajectoryTracker20CalcVelocityIntegralEl
                0x080036e2       0x26 CMakeFiles/Ctrl-Step-STM32-fw.elf.dir/Ctrl/Motor/motion_planner.cpp.obj
                0x080036e2                MotionPlanner::TrajectoryTracker::CalcVelocityIntegral(long)
 .text._ZN13MotionPlanner17TrajectoryTracker20CalcPositionIntegralEl
                0x08003708       0x26 CMakeFiles/Ctrl-Step-STM32-fw.elf.dir/Ctrl/Motor/motion_planner.cpp.obj
                0x08003708                MotionPlanner::TrajectoryTracker::CalcPositionIntegral(long)
 .text._ZN13MotionPlanner17TrajectoryTracker12CalcSoftGoalEll
                0x0800372e       0xda CMakeFiles/Ctrl-Step-STM32-fw.elf.dir/Ctrl/Motor/motion_planner.cpp.obj
                0x0800372e                MotionPlanner::TrajectoryTracker::CalcSoftGoal(long, long)
 .text._ZN13MotionPlanner17TrajectoryTracker4InitEl
                0x08003808       0x16 CMakeFiles/Ctrl-Step-STM32-fw.elf.dir/Ctrl/Motor/motion_planner.cpp.obj
                0x08003808                MotionPlanner::TrajectoryTracker::Init(long)
 .text._ZN13MotionPlanner12AttachConfigEPNS_8Config_tE
                0x0800381e       0x2a CMakeFiles/Ctrl-Step-STM32-fw.elf.dir/Ctrl/Motor/motion_planner.cpp.obj
                0x0800381e                MotionPlanner::AttachConfig(MotionPlanner::Config_t*)
 .text._ZN5Motor13AttachEncoderEP11EncoderBase
                0x08003848        0x6 CMakeFiles/Ctrl-Step-STM32-fw.elf.dir/Ctrl/Motor/motor.cpp.obj
                0x08003848                Motor::AttachEncoder(EncoderBase*)
 .text._ZN5Motor12AttachDriverEP10DriverBase
                0x0800384e        0x6 CMakeFiles/Ctrl-Step-STM32-fw.elf.dir/Ctrl/Motor/motor.cpp.obj
                0x0800384e                Motor::AttachDriver(DriverBase*)
 .text._ZN5Motor10Controller19CalcCurrentToOutputEl
                0x08003854       0x3c CMakeFiles/Ctrl-Step-STM32-fw.elf.dir/Ctrl/Motor/motor.cpp.obj
                0x08003854                Motor::Controller::CalcCurrentToOutput(long)
 .text._ZN5Motor10Controller15CalcPidToOutputEl
                0x08003890       0xc8 CMakeFiles/Ctrl-Step-STM32-fw.elf.dir/Ctrl/Motor/motor.cpp.obj
                0x08003890                Motor::Controller::CalcPidToOutput(long)
 .text._ZN5Motor10Controller15CalcDceToOutputEll
                0x08003958       0xf4 CMakeFiles/Ctrl-Step-STM32-fw.elf.dir/Ctrl/Motor/motor.cpp.obj
                0x08003958                Motor::Controller::CalcDceToOutput(long, long)
 .text._ZN5Motor10Controller11SetCtrlModeENS_6Mode_tE
                0x08003a4c        0x4 CMakeFiles/Ctrl-Step-STM32-fw.elf.dir/Ctrl/Motor/motor.cpp.obj
                0x08003a4c                Motor::Controller::SetCtrlMode(Motor::Mode_t)
 .text._ZN5Motor10Controller19SetPositionSetPointEl
                0x08003a50        0xa CMakeFiles/Ctrl-Step-STM32-fw.elf.dir/Ctrl/Motor/motor.cpp.obj
                0x08003a50                Motor::Controller::SetPositionSetPoint(long)
 *fill*         0x08003a5a        0x2 
 .text._ZN5Motor10Controller27SetPositionSetPointWithTimeElf
                0x08003a5c       0xbc CMakeFiles/Ctrl-Step-STM32-fw.elf.dir/Ctrl/Motor/motor.cpp.obj
                0x08003a5c                Motor::Controller::SetPositionSetPointWithTime(long, float)
 .text._ZN5Motor10Controller19SetVelocitySetPointEl
                0x08003b18       0x12 CMakeFiles/Ctrl-Step-STM32-fw.elf.dir/Ctrl/Motor/motor.cpp.obj
                0x08003b18                Motor::Controller::SetVelocitySetPoint(long)
 .text._ZN5Motor10Controller11GetPositionEb
                0x08003b2a       0x40 CMakeFiles/Ctrl-Step-STM32-fw.elf.dir/Ctrl/Motor/motor.cpp.obj
                0x08003b2a                Motor::Controller::GetPosition(bool)
 .text._ZN5Motor10Controller11GetVelocityEv
                0x08003b6a       0x1e CMakeFiles/Ctrl-Step-STM32-fw.elf.dir/Ctrl/Motor/motor.cpp.obj
                0x08003b6a                Motor::Controller::GetVelocity()
 .text._ZN5Motor10Controller13GetFocCurrentEv
                0x08003b88       0x14 CMakeFiles/Ctrl-Step-STM32-fw.elf.dir/Ctrl/Motor/motor.cpp.obj
                0x08003b88                Motor::Controller::GetFocCurrent()
 .text._ZN5Motor10Controller18SetCurrentSetPointEl
                0x08003b9c       0x1a CMakeFiles/Ctrl-Step-STM32-fw.elf.dir/Ctrl/Motor/motor.cpp.obj
                0x08003b9c                Motor::Controller::SetCurrentSetPoint(long)
 .text._ZN5Motor10Controller14ClearStallFlagEv
                0x08003bb6        0x8 CMakeFiles/Ctrl-Step-STM32-fw.elf.dir/Ctrl/Motor/motor.cpp.obj
                0x08003bb6                Motor::Controller::ClearStallFlag()
 *fill*         0x08003bbe        0x2 
 .text._ZN5Motor10Controller23CompensateAdvancedAngleEl
                0x08003bc0       0xe4 CMakeFiles/Ctrl-Step-STM32-fw.elf.dir/Ctrl/Motor/motor.cpp.obj
                0x08003bc0                Motor::Controller::CompensateAdvancedAngle(long)
 .text._ZN5Motor10Controller4InitEv
                0x08003ca4       0xa4 CMakeFiles/Ctrl-Step-STM32-fw.elf.dir/Ctrl/Motor/motor.cpp.obj
                0x08003ca4                Motor::Controller::Init()
 .text._ZN5Motor10Controller20ApplyPosAsHomeOffsetEv
                0x08003d48       0x12 CMakeFiles/Ctrl-Step-STM32-fw.elf.dir/Ctrl/Motor/motor.cpp.obj
                0x08003d48                Motor::Controller::ApplyPosAsHomeOffset()
 .text._ZN5Motor10Controller12AttachConfigEPNS0_8Config_tE
                0x08003d5a        0x4 CMakeFiles/Ctrl-Step-STM32-fw.elf.dir/Ctrl/Motor/motor.cpp.obj
                0x08003d5a                Motor::Controller::AttachConfig(Motor::Controller::Config_t*)
 .text._ZNK5Motor10Controller13ClearIntegralEv
                0x08003d5e       0x1c CMakeFiles/Ctrl-Step-STM32-fw.elf.dir/Ctrl/Motor/motor.cpp.obj
                0x08003d5e                Motor::Controller::ClearIntegral() const
 *fill*         0x08003d7a        0x2 
 .text._ZN5Motor20CloseLoopControlTickEv
                0x08003d7c      0x53c CMakeFiles/Ctrl-Step-STM32-fw.elf.dir/Ctrl/Motor/motor.cpp.obj
                0x08003d7c                Motor::CloseLoopControlTick()
 .text._ZN5Motor9Tick20kHzEv
                0x080042b8       0x16 CMakeFiles/Ctrl-Step-STM32-fw.elf.dir/Ctrl/Motor/motor.cpp.obj
                0x080042b8                Motor::Tick20kHz()
 .text._ZN21EncoderCalibratorBase16CycleDataAverageEPKttl
                0x080042ce       0x4a CMakeFiles/Ctrl-Step-STM32-fw.elf.dir/Ctrl/Sensor/Encoder/encoder_calibrator_base.cpp.obj
                0x080042ce                EncoderCalibratorBase::CycleDataAverage(unsigned short const*, unsigned short, long)
 .text._ZN21EncoderCalibratorBase9Tick20kHzEv
                0x08004318      0x1d2 CMakeFiles/Ctrl-Step-STM32-fw.elf.dir/Ctrl/Sensor/Encoder/encoder_calibrator_base.cpp.obj
                0x08004318                EncoderCalibratorBase::Tick20kHz()
 .text._ZN21EncoderCalibratorBase8CycleModEmm
                0x080044ea        0xc CMakeFiles/Ctrl-Step-STM32-fw.elf.dir/Ctrl/Sensor/Encoder/encoder_calibrator_base.cpp.obj
                0x080044ea                EncoderCalibratorBase::CycleMod(unsigned long, unsigned long)
 .text._ZN21EncoderCalibratorBase13CycleSubtractElll
                0x080044f6       0x16 CMakeFiles/Ctrl-Step-STM32-fw.elf.dir/Ctrl/Sensor/Encoder/encoder_calibrator_base.cpp.obj
                0x080044f6                EncoderCalibratorBase::CycleSubtract(long, long, long)
 .text._ZN21EncoderCalibratorBase12CycleAverageElll
                0x0800450c       0x20 CMakeFiles/Ctrl-Step-STM32-fw.elf.dir/Ctrl/Sensor/Encoder/encoder_calibrator_base.cpp.obj
                0x0800450c                EncoderCalibratorBase::CycleAverage(long, long, long)
 .text._ZN21EncoderCalibratorBase20CalibrationDataCheckEv
                0x0800452c      0x1b8 CMakeFiles/Ctrl-Step-STM32-fw.elf.dir/Ctrl/Sensor/Encoder/encoder_calibrator_base.cpp.obj
                0x0800452c                EncoderCalibratorBase::CalibrationDataCheck()
 .text._ZN21EncoderCalibratorBase12TickMainLoopEv
                0x080046e4      0x296 CMakeFiles/Ctrl-Step-STM32-fw.elf.dir/Ctrl/Sensor/Encoder/encoder_calibrator_base.cpp.obj
                0x080046e4                EncoderCalibratorBase::TickMainLoop()
 .text._ZN10MT6816Base7SpiInitEv
                0x0800497a        0x2 CMakeFiles/Ctrl-Step-STM32-fw.elf.dir/Ctrl/Sensor/Encoder/mt6816_base.cpp.obj
                0x0800497a                MT6816Base::SpiInit()
 .text._ZN10MT6816Base4InitEv
                0x0800497c       0x3a CMakeFiles/Ctrl-Step-STM32-fw.elf.dir/Ctrl/Sensor/Encoder/mt6816_base.cpp.obj
                0x0800497c                MT6816Base::Init()
 .text._ZN10MT6816Base11UpdateAngleEv
                0x080049b6       0x96 CMakeFiles/Ctrl-Step-STM32-fw.elf.dir/Ctrl/Sensor/Encoder/mt6816_base.cpp.obj
                0x080049b6                MT6816Base::UpdateAngle()
 .text._ZN10MT6816Base12IsCalibratedEv
                0x08004a4c        0x4 CMakeFiles/Ctrl-Step-STM32-fw.elf.dir/Ctrl/Sensor/Encoder/mt6816_base.cpp.obj
                0x08004a4c                MT6816Base::IsCalibrated()
 .text._ZN10MT6816Base24SpiTransmitAndRead16BitsEt
                0x08004a50        0x0 CMakeFiles/Ctrl-Step-STM32-fw.elf.dir/Ctrl/Sensor/Encoder/mt6816_base.cpp.obj
                0x08004a50                MT6816Base::SpiTransmitAndRead16Bits(unsigned short)
 .text._ZN10ButtonBase4TickEm
                0x08004a50       0x4c CMakeFiles/Ctrl-Step-STM32-fw.elf.dir/Ctrl/Signal/button_base.cpp.obj
                0x08004a50                ButtonBase::Tick(unsigned long)
 .text._ZN10ButtonBase18SetOnEventListenerEPFvNS_5EventEE
                0x08004a9c       0x14 CMakeFiles/Ctrl-Step-STM32-fw.elf.dir/Ctrl/Signal/button_base.cpp.obj
                0x08004a9c                ButtonBase::SetOnEventListener(void (*)(ButtonBase::Event))
 .text._ZN7LedBase6StatusEhb
                0x08004ab0        0xa CMakeFiles/Ctrl-Step-STM32-fw.elf.dir/Ctrl/Signal/led_base.cpp.obj
                0x08004ab0                LedBase::Status(unsigned char, bool)
 .text._ZN7LedBase4TickEmN5Motor7State_tE
                0x08004aba      0x1b2 CMakeFiles/Ctrl-Step-STM32-fw.elf.dir/Ctrl/Signal/led_base.cpp.obj
                0x08004aba                LedBase::Tick(unsigned long, Motor::State_t)
 .text.HAL_InitTick
                0x08004c6c       0x4c CMakeFiles/Ctrl-Step-STM32-fw.elf.dir/Drivers/STM32F1xx_HAL_Driver/Src/stm32f1xx_hal.c.obj
                0x08004c6c                HAL_InitTick
 .text.HAL_Init
                0x08004cb8       0x24 CMakeFiles/Ctrl-Step-STM32-fw.elf.dir/Drivers/STM32F1xx_HAL_Driver/Src/stm32f1xx_hal.c.obj
                0x08004cb8                HAL_Init
 .text.HAL_IncTick
                0x08004cdc       0x18 CMakeFiles/Ctrl-Step-STM32-fw.elf.dir/Drivers/STM32F1xx_HAL_Driver/Src/stm32f1xx_hal.c.obj
                0x08004cdc                HAL_IncTick
 .text.HAL_GetTick
                0x08004cf4        0xc CMakeFiles/Ctrl-Step-STM32-fw.elf.dir/Drivers/STM32F1xx_HAL_Driver/Src/stm32f1xx_hal.c.obj
                0x08004cf4                HAL_GetTick
 .text.HAL_Delay
                0x08004d00       0x28 CMakeFiles/Ctrl-Step-STM32-fw.elf.dir/Drivers/STM32F1xx_HAL_Driver/Src/stm32f1xx_hal.c.obj
                0x08004d00                HAL_Delay
 .text.HAL_ADC_ConvCpltCallback
                0x08004d28        0x2 CMakeFiles/Ctrl-Step-STM32-fw.elf.dir/Drivers/STM32F1xx_HAL_Driver/Src/stm32f1xx_hal_adc.c.obj
                0x08004d28                HAL_ADC_ConvCpltCallback
 .text.ADC_DMAConvCplt
                0x08004d2a       0x52 CMakeFiles/Ctrl-Step-STM32-fw.elf.dir/Drivers/STM32F1xx_HAL_Driver/Src/stm32f1xx_hal_adc.c.obj
                0x08004d2a                ADC_DMAConvCplt
 .text.HAL_ADC_ConvHalfCpltCallback
                0x08004d7c        0x2 CMakeFiles/Ctrl-Step-STM32-fw.elf.dir/Drivers/STM32F1xx_HAL_Driver/Src/stm32f1xx_hal_adc.c.obj
                0x08004d7c                HAL_ADC_ConvHalfCpltCallback
 .text.ADC_DMAHalfConvCplt
                0x08004d7e        0xa CMakeFiles/Ctrl-Step-STM32-fw.elf.dir/Drivers/STM32F1xx_HAL_Driver/Src/stm32f1xx_hal_adc.c.obj
                0x08004d7e                ADC_DMAHalfConvCplt
 .text.HAL_ADC_ErrorCallback
                0x08004d88        0x2 CMakeFiles/Ctrl-Step-STM32-fw.elf.dir/Drivers/STM32F1xx_HAL_Driver/Src/stm32f1xx_hal_adc.c.obj
                0x08004d88                HAL_ADC_ErrorCallback
 .text.ADC_DMAError
                0x08004d8a       0x1a CMakeFiles/Ctrl-Step-STM32-fw.elf.dir/Drivers/STM32F1xx_HAL_Driver/Src/stm32f1xx_hal_adc.c.obj
                0x08004d8a                ADC_DMAError
 .text.HAL_ADC_ConfigChannel
                0x08004da4      0x140 CMakeFiles/Ctrl-Step-STM32-fw.elf.dir/Drivers/STM32F1xx_HAL_Driver/Src/stm32f1xx_hal_adc.c.obj
                0x08004da4                HAL_ADC_ConfigChannel
 .text.ADC_Enable
                0x08004ee4       0x88 CMakeFiles/Ctrl-Step-STM32-fw.elf.dir/Drivers/STM32F1xx_HAL_Driver/Src/stm32f1xx_hal_adc.c.obj
                0x08004ee4                ADC_Enable
 .text.HAL_ADC_Start_DMA
                0x08004f6c      0x130 CMakeFiles/Ctrl-Step-STM32-fw.elf.dir/Drivers/STM32F1xx_HAL_Driver/Src/stm32f1xx_hal_adc.c.obj
                0x08004f6c                HAL_ADC_Start_DMA
 .text.ADC_ConversionStop_Disable
                0x0800509c       0x56 CMakeFiles/Ctrl-Step-STM32-fw.elf.dir/Drivers/STM32F1xx_HAL_Driver/Src/stm32f1xx_hal_adc.c.obj
                0x0800509c                ADC_ConversionStop_Disable
 *fill*         0x080050f2        0x2 
 .text.HAL_ADC_Init
                0x080050f4      0x108 CMakeFiles/Ctrl-Step-STM32-fw.elf.dir/Drivers/STM32F1xx_HAL_Driver/Src/stm32f1xx_hal_adc.c.obj
                0x080050f4                HAL_ADC_Init
 .text.HAL_ADCEx_Calibration_Start
                0x080051fc      0x100 CMakeFiles/Ctrl-Step-STM32-fw.elf.dir/Drivers/STM32F1xx_HAL_Driver/Src/stm32f1xx_hal_adc_ex.c.obj
                0x080051fc                HAL_ADCEx_Calibration_Start
 .text.HAL_CAN_Init
                0x080052fc      0x14c CMakeFiles/Ctrl-Step-STM32-fw.elf.dir/Drivers/STM32F1xx_HAL_Driver/Src/stm32f1xx_hal_can.c.obj
                0x080052fc                HAL_CAN_Init
 .text.HAL_CAN_ConfigFilter
                0x08005448      0x10c CMakeFiles/Ctrl-Step-STM32-fw.elf.dir/Drivers/STM32F1xx_HAL_Driver/Src/stm32f1xx_hal_can.c.obj
                0x08005448                HAL_CAN_ConfigFilter
 .text.HAL_CAN_Start
                0x08005554       0x5c CMakeFiles/Ctrl-Step-STM32-fw.elf.dir/Drivers/STM32F1xx_HAL_Driver/Src/stm32f1xx_hal_can.c.obj
                0x08005554                HAL_CAN_Start
 .text.HAL_CAN_AddTxMessage
                0x080055b0       0xfc CMakeFiles/Ctrl-Step-STM32-fw.elf.dir/Drivers/STM32F1xx_HAL_Driver/Src/stm32f1xx_hal_can.c.obj
                0x080055b0                HAL_CAN_AddTxMessage
 .text.HAL_CAN_GetRxMessage
                0x080056ac      0x156 CMakeFiles/Ctrl-Step-STM32-fw.elf.dir/Drivers/STM32F1xx_HAL_Driver/Src/stm32f1xx_hal_can.c.obj
                0x080056ac                HAL_CAN_GetRxMessage
 .text.HAL_CAN_ActivateNotification
                0x08005802       0x24 CMakeFiles/Ctrl-Step-STM32-fw.elf.dir/Drivers/STM32F1xx_HAL_Driver/Src/stm32f1xx_hal_can.c.obj
                0x08005802                HAL_CAN_ActivateNotification
 .text.HAL_CAN_TxMailbox0CompleteCallback
                0x08005826        0x2 CMakeFiles/Ctrl-Step-STM32-fw.elf.dir/Drivers/STM32F1xx_HAL_Driver/Src/stm32f1xx_hal_can.c.obj
                0x08005826                HAL_CAN_TxMailbox0CompleteCallback
 .text.HAL_CAN_TxMailbox1CompleteCallback
                0x08005828        0x2 CMakeFiles/Ctrl-Step-STM32-fw.elf.dir/Drivers/STM32F1xx_HAL_Driver/Src/stm32f1xx_hal_can.c.obj
                0x08005828                HAL_CAN_TxMailbox1CompleteCallback
 .text.HAL_CAN_TxMailbox2CompleteCallback
                0x0800582a        0x2 CMakeFiles/Ctrl-Step-STM32-fw.elf.dir/Drivers/STM32F1xx_HAL_Driver/Src/stm32f1xx_hal_can.c.obj
                0x0800582a                HAL_CAN_TxMailbox2CompleteCallback
 .text.HAL_CAN_TxMailbox0AbortCallback
                0x0800582c        0x2 CMakeFiles/Ctrl-Step-STM32-fw.elf.dir/Drivers/STM32F1xx_HAL_Driver/Src/stm32f1xx_hal_can.c.obj
                0x0800582c                HAL_CAN_TxMailbox0AbortCallback
 .text.HAL_CAN_TxMailbox1AbortCallback
                0x0800582e        0x2 CMakeFiles/Ctrl-Step-STM32-fw.elf.dir/Drivers/STM32F1xx_HAL_Driver/Src/stm32f1xx_hal_can.c.obj
                0x0800582e                HAL_CAN_TxMailbox1AbortCallback
 .text.HAL_CAN_TxMailbox2AbortCallback
                0x08005830        0x2 CMakeFiles/Ctrl-Step-STM32-fw.elf.dir/Drivers/STM32F1xx_HAL_Driver/Src/stm32f1xx_hal_can.c.obj
                0x08005830                HAL_CAN_TxMailbox2AbortCallback
 .text.HAL_CAN_RxFifo0FullCallback
                0x08005832        0x2 CMakeFiles/Ctrl-Step-STM32-fw.elf.dir/Drivers/STM32F1xx_HAL_Driver/Src/stm32f1xx_hal_can.c.obj
                0x08005832                HAL_CAN_RxFifo0FullCallback
 .text.HAL_CAN_RxFifo1MsgPendingCallback
                0x08005834        0x2 CMakeFiles/Ctrl-Step-STM32-fw.elf.dir/Drivers/STM32F1xx_HAL_Driver/Src/stm32f1xx_hal_can.c.obj
                0x08005834                HAL_CAN_RxFifo1MsgPendingCallback
 .text.HAL_CAN_RxFifo1FullCallback
                0x08005836        0x2 CMakeFiles/Ctrl-Step-STM32-fw.elf.dir/Drivers/STM32F1xx_HAL_Driver/Src/stm32f1xx_hal_can.c.obj
                0x08005836                HAL_CAN_RxFifo1FullCallback
 .text.HAL_CAN_SleepCallback
                0x08005838        0x2 CMakeFiles/Ctrl-Step-STM32-fw.elf.dir/Drivers/STM32F1xx_HAL_Driver/Src/stm32f1xx_hal_can.c.obj
                0x08005838                HAL_CAN_SleepCallback
 .text.HAL_CAN_WakeUpFromRxMsgCallback
                0x0800583a        0x2 CMakeFiles/Ctrl-Step-STM32-fw.elf.dir/Drivers/STM32F1xx_HAL_Driver/Src/stm32f1xx_hal_can.c.obj
                0x0800583a                HAL_CAN_WakeUpFromRxMsgCallback
 .text.HAL_CAN_ErrorCallback
                0x0800583c        0x2 CMakeFiles/Ctrl-Step-STM32-fw.elf.dir/Drivers/STM32F1xx_HAL_Driver/Src/stm32f1xx_hal_can.c.obj
                0x0800583c                HAL_CAN_ErrorCallback
 .text.HAL_CAN_IRQHandler
                0x0800583e      0x24a CMakeFiles/Ctrl-Step-STM32-fw.elf.dir/Drivers/STM32F1xx_HAL_Driver/Src/stm32f1xx_hal_can.c.obj
                0x0800583e                HAL_CAN_IRQHandler
 .text.__NVIC_SetPriority
                0x08005a88       0x28 CMakeFiles/Ctrl-Step-STM32-fw.elf.dir/Drivers/STM32F1xx_HAL_Driver/Src/stm32f1xx_hal_cortex.c.obj
 .text.NVIC_EncodePriority
                0x08005ab0       0x3e CMakeFiles/Ctrl-Step-STM32-fw.elf.dir/Drivers/STM32F1xx_HAL_Driver/Src/stm32f1xx_hal_cortex.c.obj
 *fill*         0x08005aee        0x2 
 .text.__NVIC_SystemReset
                0x08005af0       0x24 CMakeFiles/Ctrl-Step-STM32-fw.elf.dir/Drivers/STM32F1xx_HAL_Driver/Src/stm32f1xx_hal_cortex.c.obj
 .text.HAL_NVIC_SetPriorityGrouping
                0x08005b14       0x24 CMakeFiles/Ctrl-Step-STM32-fw.elf.dir/Drivers/STM32F1xx_HAL_Driver/Src/stm32f1xx_hal_cortex.c.obj
                0x08005b14                HAL_NVIC_SetPriorityGrouping
 .text.HAL_NVIC_SetPriority
                0x08005b38       0x20 CMakeFiles/Ctrl-Step-STM32-fw.elf.dir/Drivers/STM32F1xx_HAL_Driver/Src/stm32f1xx_hal_cortex.c.obj
                0x08005b38                HAL_NVIC_SetPriority
 .text.HAL_NVIC_EnableIRQ
                0x08005b58       0x1c CMakeFiles/Ctrl-Step-STM32-fw.elf.dir/Drivers/STM32F1xx_HAL_Driver/Src/stm32f1xx_hal_cortex.c.obj
                0x08005b58                HAL_NVIC_EnableIRQ
 .text.HAL_NVIC_SystemReset
                0x08005b74        0x6 CMakeFiles/Ctrl-Step-STM32-fw.elf.dir/Drivers/STM32F1xx_HAL_Driver/Src/stm32f1xx_hal_cortex.c.obj
                0x08005b74                HAL_NVIC_SystemReset
 *fill*         0x08005b7a        0x2 
 .text.HAL_SYSTICK_Config
                0x08005b7c       0x28 CMakeFiles/Ctrl-Step-STM32-fw.elf.dir/Drivers/STM32F1xx_HAL_Driver/Src/stm32f1xx_hal_cortex.c.obj
                0x08005b7c                HAL_SYSTICK_Config
 .text.DMA_SetConfig
                0x08005ba4       0x2c CMakeFiles/Ctrl-Step-STM32-fw.elf.dir/Drivers/STM32F1xx_HAL_Driver/Src/stm32f1xx_hal_dma.c.obj
 .text.HAL_DMA_Init
                0x08005bd0       0x6c CMakeFiles/Ctrl-Step-STM32-fw.elf.dir/Drivers/STM32F1xx_HAL_Driver/Src/stm32f1xx_hal_dma.c.obj
                0x08005bd0                HAL_DMA_Init
 .text.HAL_DMA_Start_IT
                0x08005c3c       0x74 CMakeFiles/Ctrl-Step-STM32-fw.elf.dir/Drivers/STM32F1xx_HAL_Driver/Src/stm32f1xx_hal_dma.c.obj
                0x08005c3c                HAL_DMA_Start_IT
 .text.HAL_DMA_Abort
                0x08005cb0       0x44 CMakeFiles/Ctrl-Step-STM32-fw.elf.dir/Drivers/STM32F1xx_HAL_Driver/Src/stm32f1xx_hal_dma.c.obj
                0x08005cb0                HAL_DMA_Abort
 .text.HAL_DMA_Abort_IT
                0x08005cf4       0x98 CMakeFiles/Ctrl-Step-STM32-fw.elf.dir/Drivers/STM32F1xx_HAL_Driver/Src/stm32f1xx_hal_dma.c.obj
                0x08005cf4                HAL_DMA_Abort_IT
 .text.HAL_DMA_IRQHandler
                0x08005d8c      0x144 CMakeFiles/Ctrl-Step-STM32-fw.elf.dir/Drivers/STM32F1xx_HAL_Driver/Src/stm32f1xx_hal_dma.c.obj
                0x08005d8c                HAL_DMA_IRQHandler
 .text.FLASH_Program_HalfWord
                0x08005ed0       0x1c CMakeFiles/Ctrl-Step-STM32-fw.elf.dir/Drivers/STM32F1xx_HAL_Driver/Src/stm32f1xx_hal_flash.c.obj
 .text.FLASH_SetErrorCode
                0x08005eec       0x70 CMakeFiles/Ctrl-Step-STM32-fw.elf.dir/Drivers/STM32F1xx_HAL_Driver/Src/stm32f1xx_hal_flash.c.obj
 .text.HAL_FLASH_Unlock
                0x08005f5c       0x34 CMakeFiles/Ctrl-Step-STM32-fw.elf.dir/Drivers/STM32F1xx_HAL_Driver/Src/stm32f1xx_hal_flash.c.obj
                0x08005f5c                HAL_FLASH_Unlock
 .text.HAL_FLASH_Lock
                0x08005f90       0x14 CMakeFiles/Ctrl-Step-STM32-fw.elf.dir/Drivers/STM32F1xx_HAL_Driver/Src/stm32f1xx_hal_flash.c.obj
                0x08005f90                HAL_FLASH_Lock
 .text.FLASH_WaitForLastOperation
                0x08005fa4       0x68 CMakeFiles/Ctrl-Step-STM32-fw.elf.dir/Drivers/STM32F1xx_HAL_Driver/Src/stm32f1xx_hal_flash.c.obj
                0x08005fa4                FLASH_WaitForLastOperation
 .text.HAL_FLASH_Program
                0x0800600c       0xa0 CMakeFiles/Ctrl-Step-STM32-fw.elf.dir/Drivers/STM32F1xx_HAL_Driver/Src/stm32f1xx_hal_flash.c.obj
                0x0800600c                HAL_FLASH_Program
 .text.FLASH_MassErase
                0x080060ac       0x24 CMakeFiles/Ctrl-Step-STM32-fw.elf.dir/Drivers/STM32F1xx_HAL_Driver/Src/stm32f1xx_hal_flash_ex.c.obj
 .text.FLASH_PageErase
                0x080060d0       0x24 CMakeFiles/Ctrl-Step-STM32-fw.elf.dir/Drivers/STM32F1xx_HAL_Driver/Src/stm32f1xx_hal_flash_ex.c.obj
                0x080060d0                FLASH_PageErase
 .text.HAL_FLASHEx_Erase
                0x080060f4       0xa4 CMakeFiles/Ctrl-Step-STM32-fw.elf.dir/Drivers/STM32F1xx_HAL_Driver/Src/stm32f1xx_hal_flash_ex.c.obj
                0x080060f4                HAL_FLASHEx_Erase
 .text.HAL_GPIO_Init
                0x08006198      0x21c CMakeFiles/Ctrl-Step-STM32-fw.elf.dir/Drivers/STM32F1xx_HAL_Driver/Src/stm32f1xx_hal_gpio.c.obj
                0x08006198                HAL_GPIO_Init
 .text.HAL_GPIO_ReadPin
                0x080063b4        0xe CMakeFiles/Ctrl-Step-STM32-fw.elf.dir/Drivers/STM32F1xx_HAL_Driver/Src/stm32f1xx_hal_gpio.c.obj
                0x080063b4                HAL_GPIO_ReadPin
 .text.HAL_GPIO_WritePin
                0x080063c2        0xc CMakeFiles/Ctrl-Step-STM32-fw.elf.dir/Drivers/STM32F1xx_HAL_Driver/Src/stm32f1xx_hal_gpio.c.obj
                0x080063c2                HAL_GPIO_WritePin
 *fill*         0x080063ce        0x2 
 .text.RCC_Delay
                0x080063d0       0x2c CMakeFiles/Ctrl-Step-STM32-fw.elf.dir/Drivers/STM32F1xx_HAL_Driver/Src/stm32f1xx_hal_rcc.c.obj
 .text.HAL_RCC_OscConfig
                0x080063fc      0x410 CMakeFiles/Ctrl-Step-STM32-fw.elf.dir/Drivers/STM32F1xx_HAL_Driver/Src/stm32f1xx_hal_rcc.c.obj
                0x080063fc                HAL_RCC_OscConfig
 .text.HAL_RCC_GetSysClockFreq
                0x0800680c       0x7c CMakeFiles/Ctrl-Step-STM32-fw.elf.dir/Drivers/STM32F1xx_HAL_Driver/Src/stm32f1xx_hal_rcc.c.obj
                0x0800680c                HAL_RCC_GetSysClockFreq
 .text.HAL_RCC_ClockConfig
                0x08006888      0x16c CMakeFiles/Ctrl-Step-STM32-fw.elf.dir/Drivers/STM32F1xx_HAL_Driver/Src/stm32f1xx_hal_rcc.c.obj
                0x08006888                HAL_RCC_ClockConfig
 .text.HAL_RCC_GetHCLKFreq
                0x080069f4        0xc CMakeFiles/Ctrl-Step-STM32-fw.elf.dir/Drivers/STM32F1xx_HAL_Driver/Src/stm32f1xx_hal_rcc.c.obj
                0x080069f4                HAL_RCC_GetHCLKFreq
 .text.HAL_RCC_GetPCLK1Freq
                0x08006a00       0x20 CMakeFiles/Ctrl-Step-STM32-fw.elf.dir/Drivers/STM32F1xx_HAL_Driver/Src/stm32f1xx_hal_rcc.c.obj
                0x08006a00                HAL_RCC_GetPCLK1Freq
 .text.HAL_RCC_GetPCLK2Freq
                0x08006a20       0x20 CMakeFiles/Ctrl-Step-STM32-fw.elf.dir/Drivers/STM32F1xx_HAL_Driver/Src/stm32f1xx_hal_rcc.c.obj
                0x08006a20                HAL_RCC_GetPCLK2Freq
 .text.HAL_RCCEx_PeriphCLKConfig
                0x08006a40      0x118 CMakeFiles/Ctrl-Step-STM32-fw.elf.dir/Drivers/STM32F1xx_HAL_Driver/Src/stm32f1xx_hal_rcc_ex.c.obj
                0x08006a40                HAL_RCCEx_PeriphCLKConfig
 .text.HAL_RCCEx_GetPeriphCLKFreq
                0x08006b58      0x100 CMakeFiles/Ctrl-Step-STM32-fw.elf.dir/Drivers/STM32F1xx_HAL_Driver/Src/stm32f1xx_hal_rcc_ex.c.obj
                0x08006b58                HAL_RCCEx_GetPeriphCLKFreq
 .text.SPI_WaitFlagStateUntilTimeout
                0x08006c58       0xc8 CMakeFiles/Ctrl-Step-STM32-fw.elf.dir/Drivers/STM32F1xx_HAL_Driver/Src/stm32f1xx_hal_spi.c.obj
 .text.SPI_EndRxTxTransaction
                0x08006d20       0x24 CMakeFiles/Ctrl-Step-STM32-fw.elf.dir/Drivers/STM32F1xx_HAL_Driver/Src/stm32f1xx_hal_spi.c.obj
 .text.HAL_SPI_Init
                0x08006d44       0xb6 CMakeFiles/Ctrl-Step-STM32-fw.elf.dir/Drivers/STM32F1xx_HAL_Driver/Src/stm32f1xx_hal_spi.c.obj
                0x08006d44                HAL_SPI_Init
 .text.HAL_SPI_TransmitReceive
                0x08006dfa      0x238 CMakeFiles/Ctrl-Step-STM32-fw.elf.dir/Drivers/STM32F1xx_HAL_Driver/Src/stm32f1xx_hal_spi.c.obj
                0x08006dfa                HAL_SPI_TransmitReceive
 *fill*         0x08007032        0x2 
 .text.TIM_OC1_SetConfig
                0x08007034       0x54 CMakeFiles/Ctrl-Step-STM32-fw.elf.dir/Drivers/STM32F1xx_HAL_Driver/Src/stm32f1xx_hal_tim.c.obj
 .text.TIM_OC3_SetConfig
                0x08007088       0x5c CMakeFiles/Ctrl-Step-STM32-fw.elf.dir/Drivers/STM32F1xx_HAL_Driver/Src/stm32f1xx_hal_tim.c.obj
 .text.TIM_OC4_SetConfig
                0x080070e4       0x48 CMakeFiles/Ctrl-Step-STM32-fw.elf.dir/Drivers/STM32F1xx_HAL_Driver/Src/stm32f1xx_hal_tim.c.obj
 .text.TIM_TI1_ConfigInputStage
                0x0800712c       0x24 CMakeFiles/Ctrl-Step-STM32-fw.elf.dir/Drivers/STM32F1xx_HAL_Driver/Src/stm32f1xx_hal_tim.c.obj
 .text.TIM_TI2_SetConfig
                0x08007150       0x36 CMakeFiles/Ctrl-Step-STM32-fw.elf.dir/Drivers/STM32F1xx_HAL_Driver/Src/stm32f1xx_hal_tim.c.obj
 .text.TIM_TI2_ConfigInputStage
                0x08007186       0x26 CMakeFiles/Ctrl-Step-STM32-fw.elf.dir/Drivers/STM32F1xx_HAL_Driver/Src/stm32f1xx_hal_tim.c.obj
 .text.TIM_TI3_SetConfig
                0x080071ac       0x36 CMakeFiles/Ctrl-Step-STM32-fw.elf.dir/Drivers/STM32F1xx_HAL_Driver/Src/stm32f1xx_hal_tim.c.obj
 .text.TIM_TI4_SetConfig
                0x080071e2       0x36 CMakeFiles/Ctrl-Step-STM32-fw.elf.dir/Drivers/STM32F1xx_HAL_Driver/Src/stm32f1xx_hal_tim.c.obj
 .text.TIM_ITRx_SetConfig
                0x08007218       0x10 CMakeFiles/Ctrl-Step-STM32-fw.elf.dir/Drivers/STM32F1xx_HAL_Driver/Src/stm32f1xx_hal_tim.c.obj
 .text.HAL_TIM_Base_Start_IT
                0x08007228       0x68 CMakeFiles/Ctrl-Step-STM32-fw.elf.dir/Drivers/STM32F1xx_HAL_Driver/Src/stm32f1xx_hal_tim.c.obj
                0x08007228                HAL_TIM_Base_Start_IT
 .text.HAL_TIM_IC_MspInit
                0x08007290        0x2 CMakeFiles/Ctrl-Step-STM32-fw.elf.dir/Drivers/STM32F1xx_HAL_Driver/Src/stm32f1xx_hal_tim.c.obj
                0x08007290                HAL_TIM_IC_MspInit
 *fill*         0x08007292        0x2 
 .text.TIM_Base_SetConfig
                0x08007294       0x74 CMakeFiles/Ctrl-Step-STM32-fw.elf.dir/Drivers/STM32F1xx_HAL_Driver/Src/stm32f1xx_hal_tim.c.obj
                0x08007294                TIM_Base_SetConfig
 .text.HAL_TIM_Base_Init
                0x08007308       0x58 CMakeFiles/Ctrl-Step-STM32-fw.elf.dir/Drivers/STM32F1xx_HAL_Driver/Src/stm32f1xx_hal_tim.c.obj
                0x08007308                HAL_TIM_Base_Init
 .text.HAL_TIM_PWM_Init
                0x08007360       0x58 CMakeFiles/Ctrl-Step-STM32-fw.elf.dir/Drivers/STM32F1xx_HAL_Driver/Src/stm32f1xx_hal_tim.c.obj
                0x08007360                HAL_TIM_PWM_Init
 .text.HAL_TIM_IC_Init
                0x080073b8       0x58 CMakeFiles/Ctrl-Step-STM32-fw.elf.dir/Drivers/STM32F1xx_HAL_Driver/Src/stm32f1xx_hal_tim.c.obj
                0x080073b8                HAL_TIM_IC_Init
 .text.TIM_OC2_SetConfig
                0x08007410       0x5c CMakeFiles/Ctrl-Step-STM32-fw.elf.dir/Drivers/STM32F1xx_HAL_Driver/Src/stm32f1xx_hal_tim.c.obj
                0x08007410                TIM_OC2_SetConfig
 .text.HAL_TIM_PWM_ConfigChannel
                0x0800746c       0xd0 CMakeFiles/Ctrl-Step-STM32-fw.elf.dir/Drivers/STM32F1xx_HAL_Driver/Src/stm32f1xx_hal_tim.c.obj
                0x0800746c                HAL_TIM_PWM_ConfigChannel
 .text.TIM_TI1_SetConfig
                0x0800753c       0x58 CMakeFiles/Ctrl-Step-STM32-fw.elf.dir/Drivers/STM32F1xx_HAL_Driver/Src/stm32f1xx_hal_tim.c.obj
                0x0800753c                TIM_TI1_SetConfig
 .text.HAL_TIM_IC_ConfigChannel
                0x08007594       0xb4 CMakeFiles/Ctrl-Step-STM32-fw.elf.dir/Drivers/STM32F1xx_HAL_Driver/Src/stm32f1xx_hal_tim.c.obj
                0x08007594                HAL_TIM_IC_ConfigChannel
 .text.TIM_ETR_SetConfig
                0x08007648       0x18 CMakeFiles/Ctrl-Step-STM32-fw.elf.dir/Drivers/STM32F1xx_HAL_Driver/Src/stm32f1xx_hal_tim.c.obj
                0x08007648                TIM_ETR_SetConfig
 .text.HAL_TIM_ConfigClockSource
                0x08007660       0xda CMakeFiles/Ctrl-Step-STM32-fw.elf.dir/Drivers/STM32F1xx_HAL_Driver/Src/stm32f1xx_hal_tim.c.obj
                0x08007660                HAL_TIM_ConfigClockSource
 .text.TIM_SlaveTimer_SetConfig
                0x0800773a       0x8e CMakeFiles/Ctrl-Step-STM32-fw.elf.dir/Drivers/STM32F1xx_HAL_Driver/Src/stm32f1xx_hal_tim.c.obj
 .text.HAL_TIM_SlaveConfigSynchro
                0x080077c8       0x52 CMakeFiles/Ctrl-Step-STM32-fw.elf.dir/Drivers/STM32F1xx_HAL_Driver/Src/stm32f1xx_hal_tim.c.obj
                0x080077c8                HAL_TIM_SlaveConfigSynchro
 .text.TIM_CCxChannelCmd
                0x0800781a       0x1e CMakeFiles/Ctrl-Step-STM32-fw.elf.dir/Drivers/STM32F1xx_HAL_Driver/Src/stm32f1xx_hal_tim.c.obj
                0x0800781a                TIM_CCxChannelCmd
 .text.HAL_TIM_PWM_Start
                0x08007838       0xdc CMakeFiles/Ctrl-Step-STM32-fw.elf.dir/Drivers/STM32F1xx_HAL_Driver/Src/stm32f1xx_hal_tim.c.obj
                0x08007838                HAL_TIM_PWM_Start
 .text.HAL_TIMEx_MasterConfigSynchronization
                0x08007914       0x6c CMakeFiles/Ctrl-Step-STM32-fw.elf.dir/Drivers/STM32F1xx_HAL_Driver/Src/stm32f1xx_hal_tim_ex.c.obj
                0x08007914                HAL_TIMEx_MasterConfigSynchronization
 .text.UART_EndTxTransfer
                0x08007980       0x12 CMakeFiles/Ctrl-Step-STM32-fw.elf.dir/Drivers/STM32F1xx_HAL_Driver/Src/stm32f1xx_hal_uart.c.obj
 .text.UART_EndRxTransfer
                0x08007992       0x32 CMakeFiles/Ctrl-Step-STM32-fw.elf.dir/Drivers/STM32F1xx_HAL_Driver/Src/stm32f1xx_hal_uart.c.obj
 .text.UART_Transmit_IT
                0x080079c4       0x60 CMakeFiles/Ctrl-Step-STM32-fw.elf.dir/Drivers/STM32F1xx_HAL_Driver/Src/stm32f1xx_hal_uart.c.obj
 .text.UART_SetConfig
                0x08007a24       0x94 CMakeFiles/Ctrl-Step-STM32-fw.elf.dir/Drivers/STM32F1xx_HAL_Driver/Src/stm32f1xx_hal_uart.c.obj
 .text.UART_WaitOnFlagUntilTimeout
                0x08007ab8       0x68 CMakeFiles/Ctrl-Step-STM32-fw.elf.dir/Drivers/STM32F1xx_HAL_Driver/Src/stm32f1xx_hal_uart.c.obj
 .text.HAL_UART_Init
                0x08007b20       0x5e CMakeFiles/Ctrl-Step-STM32-fw.elf.dir/Drivers/STM32F1xx_HAL_Driver/Src/stm32f1xx_hal_uart.c.obj
                0x08007b20                HAL_UART_Init
 .text.HAL_UART_Transmit
                0x08007b7e       0xd8 CMakeFiles/Ctrl-Step-STM32-fw.elf.dir/Drivers/STM32F1xx_HAL_Driver/Src/stm32f1xx_hal_uart.c.obj
                0x08007b7e                HAL_UART_Transmit
 .text.HAL_UART_Receive
                0x08007c56       0xe4 CMakeFiles/Ctrl-Step-STM32-fw.elf.dir/Drivers/STM32F1xx_HAL_Driver/Src/stm32f1xx_hal_uart.c.obj
                0x08007c56                HAL_UART_Receive
 .text.HAL_UART_DMAStop
                0x08007d3a       0x64 CMakeFiles/Ctrl-Step-STM32-fw.elf.dir/Drivers/STM32F1xx_HAL_Driver/Src/stm32f1xx_hal_uart.c.obj
                0x08007d3a                HAL_UART_DMAStop
 .text.HAL_UART_TxCpltCallback
                0x08007d9e        0x2 CMakeFiles/Ctrl-Step-STM32-fw.elf.dir/Drivers/STM32F1xx_HAL_Driver/Src/stm32f1xx_hal_uart.c.obj
                0x08007d9e                HAL_UART_TxCpltCallback
 .text.UART_EndTransmit_IT
                0x08007da0       0x1a CMakeFiles/Ctrl-Step-STM32-fw.elf.dir/Drivers/STM32F1xx_HAL_Driver/Src/stm32f1xx_hal_uart.c.obj
 .text.HAL_UART_RxCpltCallback
                0x08007dba        0x2 CMakeFiles/Ctrl-Step-STM32-fw.elf.dir/Drivers/STM32F1xx_HAL_Driver/Src/stm32f1xx_hal_uart.c.obj
                0x08007dba                HAL_UART_RxCpltCallback
 .text.HAL_UART_RxHalfCpltCallback
                0x08007dbc        0x2 CMakeFiles/Ctrl-Step-STM32-fw.elf.dir/Drivers/STM32F1xx_HAL_Driver/Src/stm32f1xx_hal_uart.c.obj
                0x08007dbc                HAL_UART_RxHalfCpltCallback
 .text.HAL_UART_ErrorCallback
                0x08007dbe        0x2 CMakeFiles/Ctrl-Step-STM32-fw.elf.dir/Drivers/STM32F1xx_HAL_Driver/Src/stm32f1xx_hal_uart.c.obj
                0x08007dbe                HAL_UART_ErrorCallback
 .text.UART_DMAError
                0x08007dc0       0x58 CMakeFiles/Ctrl-Step-STM32-fw.elf.dir/Drivers/STM32F1xx_HAL_Driver/Src/stm32f1xx_hal_uart.c.obj
 .text.UART_DMAAbortOnError
                0x08007e18       0x10 CMakeFiles/Ctrl-Step-STM32-fw.elf.dir/Drivers/STM32F1xx_HAL_Driver/Src/stm32f1xx_hal_uart.c.obj
 .text.HAL_UARTEx_RxEventCallback
                0x08007e28        0x2 CMakeFiles/Ctrl-Step-STM32-fw.elf.dir/Drivers/STM32F1xx_HAL_Driver/Src/stm32f1xx_hal_uart.c.obj
                0x08007e28                HAL_UARTEx_RxEventCallback
 .text.UART_Receive_IT
                0x08007e2a       0xd4 CMakeFiles/Ctrl-Step-STM32-fw.elf.dir/Drivers/STM32F1xx_HAL_Driver/Src/stm32f1xx_hal_uart.c.obj
 *fill*         0x08007efe        0x2 
 .text.HAL_UART_IRQHandler
                0x08007f00      0x200 CMakeFiles/Ctrl-Step-STM32-fw.elf.dir/Drivers/STM32F1xx_HAL_Driver/Src/stm32f1xx_hal_uart.c.obj
                0x08007f00                HAL_UART_IRQHandler
 .text.UART_DMARxHalfCplt
                0x08008100       0x1a CMakeFiles/Ctrl-Step-STM32-fw.elf.dir/Drivers/STM32F1xx_HAL_Driver/Src/stm32f1xx_hal_uart.c.obj
 .text.UART_DMAReceiveCplt
                0x0800811a       0x5e CMakeFiles/Ctrl-Step-STM32-fw.elf.dir/Drivers/STM32F1xx_HAL_Driver/Src/stm32f1xx_hal_uart.c.obj
 .text.UART_Start_Receive_DMA
                0x08008178       0x78 CMakeFiles/Ctrl-Step-STM32-fw.elf.dir/Drivers/STM32F1xx_HAL_Driver/Src/stm32f1xx_hal_uart.c.obj
                0x08008178                UART_Start_Receive_DMA
 .text.HAL_UART_Receive_DMA
                0x080081f0       0x38 CMakeFiles/Ctrl-Step-STM32-fw.elf.dir/Drivers/STM32F1xx_HAL_Driver/Src/stm32f1xx_hal_uart.c.obj
                0x080081f0                HAL_UART_Receive_DMA
 .text.eeprom_buffered_read_byte
                0x08008228        0xc CMakeFiles/Ctrl-Step-STM32-fw.elf.dir/Port/Platform/Memory/emulated_eeprom.cpp.obj
                0x08008228                eeprom_buffered_read_byte
 .text.eeprom_buffered_write_byte
                0x08008234        0xc CMakeFiles/Ctrl-Step-STM32-fw.elf.dir/Port/Platform/Memory/emulated_eeprom.cpp.obj
                0x08008234                eeprom_buffered_write_byte
 .text.eeprom_buffer_fill
                0x08008240       0x18 CMakeFiles/Ctrl-Step-STM32-fw.elf.dir/Port/Platform/Memory/emulated_eeprom.cpp.obj
                0x08008240                eeprom_buffer_fill
 .text.eeprom_buffer_flush
                0x08008258       0x68 CMakeFiles/Ctrl-Step-STM32-fw.elf.dir/Port/Platform/Memory/emulated_eeprom.cpp.obj
                0x08008258                eeprom_buffer_flush
 .text.Stockpile_Flash_Data_Empty
                0x080082c0       0x4c CMakeFiles/Ctrl-Step-STM32-fw.elf.dir/Port/Platform/Memory/stockpile_f103cb.c.obj
                0x080082c0                Stockpile_Flash_Data_Empty
 .text.Stockpile_Flash_Data_Begin
                0x0800830c        0xe CMakeFiles/Ctrl-Step-STM32-fw.elf.dir/Port/Platform/Memory/stockpile_f103cb.c.obj
                0x0800830c                Stockpile_Flash_Data_Begin
 .text.Stockpile_Flash_Data_End
                0x0800831a        0x8 CMakeFiles/Ctrl-Step-STM32-fw.elf.dir/Port/Platform/Memory/stockpile_f103cb.c.obj
                0x0800831a                Stockpile_Flash_Data_End
 .text.Stockpile_Flash_Data_Write_Data16
                0x08008322       0x42 CMakeFiles/Ctrl-Step-STM32-fw.elf.dir/Port/Platform/Memory/stockpile_f103cb.c.obj
                0x08008322                Stockpile_Flash_Data_Write_Data16
 .text.GetSerialNumber
                0x08008364       0x1c CMakeFiles/Ctrl-Step-STM32-fw.elf.dir/Port/Platform/Utils/st_hardware.c.obj
                0x08008364                GetSerialNumber
 .text.RetargetInit
                0x08008380       0x20 CMakeFiles/Ctrl-Step-STM32-fw.elf.dir/Port/Platform/retarget.c.obj
                0x08008380                RetargetInit
 .text._isatty  0x080083a0       0x16 CMakeFiles/Ctrl-Step-STM32-fw.elf.dir/Port/Platform/retarget.c.obj
                0x080083a0                _isatty
 *fill*         0x080083b6        0x2 
 .text._write   0x080083b8       0x28 CMakeFiles/Ctrl-Step-STM32-fw.elf.dir/Port/Platform/retarget.c.obj
                0x080083b8                _write
 .text._close   0x080083e0       0x18 CMakeFiles/Ctrl-Step-STM32-fw.elf.dir/Port/Platform/retarget.c.obj
                0x080083e0                _close
 .text._lseek   0x080083f8       0x10 CMakeFiles/Ctrl-Step-STM32-fw.elf.dir/Port/Platform/retarget.c.obj
                0x080083f8                _lseek
 .text._read    0x08008408       0x30 CMakeFiles/Ctrl-Step-STM32-fw.elf.dir/Port/Platform/retarget.c.obj
                0x08008408                _read
 .text._fstat   0x08008438       0x1a CMakeFiles/Ctrl-Step-STM32-fw.elf.dir/Port/Platform/retarget.c.obj
                0x08008438                _fstat
 *fill*         0x08008452        0x2 
 .text._ZN6Button15ReadButtonPinIOEh
                0x08008454       0x38 CMakeFiles/Ctrl-Step-STM32-fw.elf.dir/Port/button_stm32.cpp.obj
                0x08008454                Button::ReadButtonPinIO(unsigned char)
 .text._ZN6Button9IsPressedEv
                0x0800848c       0x12 CMakeFiles/Ctrl-Step-STM32-fw.elf.dir/Port/button_stm32.cpp.obj
                0x0800848c                Button::IsPressed()
 *fill*         0x0800849e        0x2 
 .text._ZN17EncoderCalibrator15BeginWriteFlashEv
                0x080084a0       0x10 CMakeFiles/Ctrl-Step-STM32-fw.elf.dir/Port/encoder_calibrator_stm32.cpp.obj
                0x080084a0                EncoderCalibrator::BeginWriteFlash()
 .text._ZN17EncoderCalibrator13EndWriteFlashEv
                0x080084b0       0x10 CMakeFiles/Ctrl-Step-STM32-fw.elf.dir/Port/encoder_calibrator_stm32.cpp.obj
                0x080084b0                EncoderCalibrator::EndWriteFlash()
 .text._ZN17EncoderCalibrator10ClearFlashEv
                0x080084c0       0x10 CMakeFiles/Ctrl-Step-STM32-fw.elf.dir/Port/encoder_calibrator_stm32.cpp.obj
                0x080084c0                EncoderCalibrator::ClearFlash()
 .text._ZN17EncoderCalibrator22WriteFlash16bitsAppendEt
                0x080084d0       0x20 CMakeFiles/Ctrl-Step-STM32-fw.elf.dir/Port/encoder_calibrator_stm32.cpp.obj
                0x080084d0                EncoderCalibrator::WriteFlash16bitsAppend(unsigned short)
 .text._ZN3Led11SetLedStateEhb
                0x080084f0       0x34 CMakeFiles/Ctrl-Step-STM32-fw.elf.dir/Port/led_stm32.cpp.obj
                0x080084f0                Led::SetLedState(unsigned char, bool)
 .text._ZN6MT68167SpiInitEv
                0x08008524        0x8 CMakeFiles/Ctrl-Step-STM32-fw.elf.dir/Port/mt6816_stm32.cpp.obj
                0x08008524                MT6816::SpiInit()
 .text._ZN6MT681624SpiTransmitAndRead16BitsEt
                0x0800852c       0x38 CMakeFiles/Ctrl-Step-STM32-fw.elf.dir/Port/mt6816_stm32.cpp.obj
                0x0800852c                MT6816::SpiTransmitAndRead16Bits(unsigned short)
 .text._ZN8TB67H45016DacOutputVoltageEtt
                0x08008564       0x14 CMakeFiles/Ctrl-Step-STM32-fw.elf.dir/Port/tb67h450_stm32.cpp.obj
                0x08008564                TB67H450::DacOutputVoltage(unsigned short, unsigned short)
 .text._ZN8TB67H4509SetInputAEbb
                0x08008578       0x28 CMakeFiles/Ctrl-Step-STM32-fw.elf.dir/Port/tb67h450_stm32.cpp.obj
                0x08008578                TB67H450::SetInputA(bool, bool)
 .text._ZN8TB67H4509SetInputBEbb
                0x080085a0       0x28 CMakeFiles/Ctrl-Step-STM32-fw.elf.dir/Port/tb67h450_stm32.cpp.obj
                0x080085a0                TB67H450::SetInputB(bool, bool)
 .text._ZN8TB67H4508InitGpioEv
                0x080085c8       0x64 CMakeFiles/Ctrl-Step-STM32-fw.elf.dir/Port/tb67h450_stm32.cpp.obj
                0x080085c8                TB67H450::InitGpio()
 .text._ZN8TB67H4507InitPwmEv
                0x0800862c        0x8 CMakeFiles/Ctrl-Step-STM32-fw.elf.dir/Port/tb67h450_stm32.cpp.obj
                0x0800862c                TB67H450::InitPwm()
 .text._Z14OnButton1EventN10ButtonBase5EventE
                0x08008634       0x54 CMakeFiles/Ctrl-Step-STM32-fw.elf.dir/UserApp/main.cpp.obj
                0x08008634                OnButton1Event(ButtonBase::Event)
 .text._Z14OnButton2EventN10ButtonBase5EventE
                0x08008688       0x60 CMakeFiles/Ctrl-Step-STM32-fw.elf.dir/UserApp/main.cpp.obj
                0x08008688                OnButton2Event(ButtonBase::Event)
 .text._ZN13MotionPlannerC2Ev
                0x080086e8       0x86 CMakeFiles/Ctrl-Step-STM32-fw.elf.dir/UserApp/main.cpp.obj
                0x080086e8                MotionPlanner::MotionPlanner()
                0x080086e8                MotionPlanner::MotionPlanner()
 .text._ZN5Motor10ControllerC2EPS_
                0x0800876e       0x4e CMakeFiles/Ctrl-Step-STM32-fw.elf.dir/UserApp/main.cpp.obj
                0x0800876e                Motor::Controller::Controller(Motor*)
                0x0800876e                Motor::Controller::Controller(Motor*)
 .text._ZN5MotorC2Ev
                0x080087bc       0xca CMakeFiles/Ctrl-Step-STM32-fw.elf.dir/UserApp/main.cpp.obj
                0x080087bc                Motor::Motor()
                0x080087bc                Motor::Motor()
 *fill*         0x08008886        0x2 
 .text._ZN8TB67H450C2Ev
                0x08008888       0x34 CMakeFiles/Ctrl-Step-STM32-fw.elf.dir/UserApp/main.cpp.obj
                0x08008888                TB67H450::TB67H450()
                0x08008888                TB67H450::TB67H450()
 .text._ZN21EncoderCalibratorBaseC2EP5Motor
                0x080088bc       0x54 CMakeFiles/Ctrl-Step-STM32-fw.elf.dir/UserApp/main.cpp.obj
                0x080088bc                EncoderCalibratorBase::EncoderCalibratorBase(Motor*)
                0x080088bc                EncoderCalibratorBase::EncoderCalibratorBase(Motor*)
 .text._Z41__static_initialization_and_destruction_0ii
                0x08008910       0xc0 CMakeFiles/Ctrl-Step-STM32-fw.elf.dir/UserApp/main.cpp.obj
 .text.Tim1Callback100Hz
                0x080089d0       0x8c CMakeFiles/Ctrl-Step-STM32-fw.elf.dir/UserApp/main.cpp.obj
                0x080089d0                Tim1Callback100Hz
 .text.Tim4Callback20kHz
                0x08008a5c       0x30 CMakeFiles/Ctrl-Step-STM32-fw.elf.dir/UserApp/main.cpp.obj
                0x08008a5c                Tim4Callback20kHz
 .text._ZN6EEPROM3getI8Config_tEERT_iS3_
                0x08008a8c       0x3c CMakeFiles/Ctrl-Step-STM32-fw.elf.dir/UserApp/main.cpp.obj
                0x08008a8c                Config_t& EEPROM::get<Config_t>(int, Config_t&)
 .text._ZN6EEPROM3putI8Config_tEERKT_iS4_
                0x08008ac8       0x52 CMakeFiles/Ctrl-Step-STM32-fw.elf.dir/UserApp/main.cpp.obj
                0x08008ac8                Config_t const& EEPROM::put<Config_t>(int, Config_t const&)
 *fill*         0x08008b1a        0x2 
 .text.Main     0x08008b1c      0x1d0 CMakeFiles/Ctrl-Step-STM32-fw.elf.dir/UserApp/main.cpp.obj
                0x08008b1c                Main
 .text._GLOBAL__sub_I_boardConfig
                0x08008cec        0xe CMakeFiles/Ctrl-Step-STM32-fw.elf.dir/UserApp/main.cpp.obj
 *fill*         0x08008cfa        0x2 
 .text.OnCanCmd
                0x08008cfc      0x658 CMakeFiles/Ctrl-Step-STM32-fw.elf.dir/UserApp/protocols/interface_can.cpp.obj
                0x08008cfc                OnCanCmd
 .text.OnUartCmd
                0x08009354      0x100 CMakeFiles/Ctrl-Step-STM32-fw.elf.dir/UserApp/protocols/interface_uart.cpp.obj
                0x08009354                OnUartCmd
 .text.Reset_Handler
                0x08009454       0x48 CMakeFiles/Ctrl-Step-STM32-fw.elf.dir/startup/startup_stm32f103xb.s.obj
                0x08009454                Reset_Handler
 .text.Default_Handler
                0x0800949c        0x2 CMakeFiles/Ctrl-Step-STM32-fw.elf.dir/startup/startup_stm32f103xb.s.obj
                0x0800949c                RTC_Alarm_IRQHandler
                0x0800949c                EXTI2_IRQHandler
                0x0800949c                TIM1_CC_IRQHandler
                0x0800949c                PVD_IRQHandler
                0x0800949c                EXTI3_IRQHandler
                0x0800949c                EXTI0_IRQHandler
                0x0800949c                I2C2_EV_IRQHandler
                0x0800949c                ADC1_2_IRQHandler
                0x0800949c                SPI1_IRQHandler
                0x0800949c                TAMPER_IRQHandler
                0x0800949c                USART3_IRQHandler
                0x0800949c                RTC_IRQHandler
                0x0800949c                DMA1_Channel7_IRQHandler
                0x0800949c                I2C1_EV_IRQHandler
                0x0800949c                DMA1_Channel6_IRQHandler
                0x0800949c                RCC_IRQHandler
                0x0800949c                TIM1_TRG_COM_IRQHandler
                0x0800949c                Default_Handler
                0x0800949c                EXTI15_10_IRQHandler
                0x0800949c                SPI2_IRQHandler
                0x0800949c                EXTI4_IRQHandler
                0x0800949c                DMA1_Channel3_IRQHandler
                0x0800949c                WWDG_IRQHandler
                0x0800949c                TIM2_IRQHandler
                0x0800949c                TIM1_BRK_IRQHandler
                0x0800949c                EXTI1_IRQHandler
                0x0800949c                USART2_IRQHandler
                0x0800949c                I2C2_ER_IRQHandler
                0x0800949c                DMA1_Channel2_IRQHandler
                0x0800949c                FLASH_IRQHandler
                0x0800949c                I2C1_ER_IRQHandler
                0x0800949c                USBWakeUp_IRQHandler
 *fill*         0x0800949e        0x2 
 .text._ZNK10__cxxabiv117__class_type_info11__do_upcastEPKS0_PPv
                0x080094a0       0x34 /opt/st/stm32cubeclt_1.17.0/GNU-tools-for-STM32/bin/../lib/gcc/arm-none-eabi/12.3.1/../../../../arm-none-eabi/lib/thumb/v7-m/nofp/libstdc++.a(class_type_info.o)
                0x080094a0                __cxxabiv1::__class_type_info::__do_upcast(__cxxabiv1::__class_type_info const*, void**) const
 .text._ZNK10__cxxabiv117__class_type_info20__do_find_public_srcEiPKvPKS0_S2_
                0x080094d4        0xc /opt/st/stm32cubeclt_1.17.0/GNU-tools-for-STM32/bin/../lib/gcc/arm-none-eabi/12.3.1/../../../../arm-none-eabi/lib/thumb/v7-m/nofp/libstdc++.a(class_type_info.o)
                0x080094d4                __cxxabiv1::__class_type_info::__do_find_public_src(int, void const*, __cxxabiv1::__class_type_info const*, void const*) const
 .text._ZN10__cxxabiv117__class_type_infoD2Ev
                0x080094e0       0x14 /opt/st/stm32cubeclt_1.17.0/GNU-tools-for-STM32/bin/../lib/gcc/arm-none-eabi/12.3.1/../../../../arm-none-eabi/lib/thumb/v7-m/nofp/libstdc++.a(class_type_info.o)
                0x080094e0                __cxxabiv1::__class_type_info::~__class_type_info()
                0x080094e0                __cxxabiv1::__class_type_info::~__class_type_info()
 .text._ZN10__cxxabiv117__class_type_infoD0Ev
                0x080094f4       0x1c /opt/st/stm32cubeclt_1.17.0/GNU-tools-for-STM32/bin/../lib/gcc/arm-none-eabi/12.3.1/../../../../arm-none-eabi/lib/thumb/v7-m/nofp/libstdc++.a(class_type_info.o)
                0x080094f4                __cxxabiv1::__class_type_info::~__class_type_info()
 .text._ZNK10__cxxabiv117__class_type_info12__do_dyncastEiNS0_10__sub_kindEPKS0_PKvS3_S5_RNS0_16__dyncast_resultE
                0x08009510       0x44 /opt/st/stm32cubeclt_1.17.0/GNU-tools-for-STM32/bin/../lib/gcc/arm-none-eabi/12.3.1/../../../../arm-none-eabi/lib/thumb/v7-m/nofp/libstdc++.a(class_type_info.o)
                0x08009510                __cxxabiv1::__class_type_info::__do_dyncast(int, __cxxabiv1::__class_type_info::__sub_kind, __cxxabiv1::__class_type_info const*, void const*, __cxxabiv1::__class_type_info const*, void const*, __cxxabiv1::__class_type_info::__dyncast_result&) const
 .text._ZNK10__cxxabiv117__class_type_info11__do_upcastEPKS0_PKvRNS0_15__upcast_resultE
                0x08009554       0x1c /opt/st/stm32cubeclt_1.17.0/GNU-tools-for-STM32/bin/../lib/gcc/arm-none-eabi/12.3.1/../../../../arm-none-eabi/lib/thumb/v7-m/nofp/libstdc++.a(class_type_info.o)
                0x08009554                __cxxabiv1::__class_type_info::__do_upcast(__cxxabiv1::__class_type_info const*, void const*, __cxxabiv1::__class_type_info::__upcast_result&) const
 .text._ZNK10__cxxabiv117__class_type_info10__do_catchEPKSt9type_infoPPvj
                0x08009570       0x2c /opt/st/stm32cubeclt_1.17.0/GNU-tools-for-STM32/bin/../lib/gcc/arm-none-eabi/12.3.1/../../../../arm-none-eabi/lib/thumb/v7-m/nofp/libstdc++.a(class_type_info.o)
                0x08009570                __cxxabiv1::__class_type_info::__do_catch(std::type_info const*, void**, unsigned int) const
 .text._ZdlPvj  0x0800959c        0x4 /opt/st/stm32cubeclt_1.17.0/GNU-tools-for-STM32/bin/../lib/gcc/arm-none-eabi/12.3.1/../../../../arm-none-eabi/lib/thumb/v7-m/nofp/libstdc++.a(del_ops.o)
                0x0800959c                operator delete(void*, unsigned int)
 .text._ZN10__cxxabiv120__si_class_type_infoD2Ev
                0x080095a0       0x14 /opt/st/stm32cubeclt_1.17.0/GNU-tools-for-STM32/bin/../lib/gcc/arm-none-eabi/12.3.1/../../../../arm-none-eabi/lib/thumb/v7-m/nofp/libstdc++.a(si_class_type_info.o)
                0x080095a0                __cxxabiv1::__si_class_type_info::~__si_class_type_info()
                0x080095a0                __cxxabiv1::__si_class_type_info::~__si_class_type_info()
 .text._ZN10__cxxabiv120__si_class_type_infoD0Ev
                0x080095b4       0x1c /opt/st/stm32cubeclt_1.17.0/GNU-tools-for-STM32/bin/../lib/gcc/arm-none-eabi/12.3.1/../../../../arm-none-eabi/lib/thumb/v7-m/nofp/libstdc++.a(si_class_type_info.o)
                0x080095b4                __cxxabiv1::__si_class_type_info::~__si_class_type_info()
 .text._ZNK10__cxxabiv120__si_class_type_info20__do_find_public_srcEiPKvPKNS_17__class_type_infoES2_
                0x080095d0       0x3c /opt/st/stm32cubeclt_1.17.0/GNU-tools-for-STM32/bin/../lib/gcc/arm-none-eabi/12.3.1/../../../../arm-none-eabi/lib/thumb/v7-m/nofp/libstdc++.a(si_class_type_info.o)
                0x080095d0                __cxxabiv1::__si_class_type_info::__do_find_public_src(int, void const*, __cxxabiv1::__class_type_info const*, void const*) const
 .text._ZNK10__cxxabiv120__si_class_type_info12__do_dyncastEiNS_17__class_type_info10__sub_kindEPKS1_PKvS4_S6_RNS1_16__dyncast_resultE
                0x0800960c       0x84 /opt/st/stm32cubeclt_1.17.0/GNU-tools-for-STM32/bin/../lib/gcc/arm-none-eabi/12.3.1/../../../../arm-none-eabi/lib/thumb/v7-m/nofp/libstdc++.a(si_class_type_info.o)
                0x0800960c                __cxxabiv1::__si_class_type_info::__do_dyncast(int, __cxxabiv1::__class_type_info::__sub_kind, __cxxabiv1::__class_type_info const*, void const*, __cxxabiv1::__class_type_info const*, void const*, __cxxabiv1::__class_type_info::__dyncast_result&) const
 .text._ZNK10__cxxabiv120__si_class_type_info11__do_upcastEPKNS_17__class_type_infoEPKvRNS1_15__upcast_resultE
                0x08009690       0x2c /opt/st/stm32cubeclt_1.17.0/GNU-tools-for-STM32/bin/../lib/gcc/arm-none-eabi/12.3.1/../../../../arm-none-eabi/lib/thumb/v7-m/nofp/libstdc++.a(si_class_type_info.o)
                0x08009690                __cxxabiv1::__si_class_type_info::__do_upcast(__cxxabiv1::__class_type_info const*, void const*, __cxxabiv1::__class_type_info::__upcast_result&) const
 .text._ZNSt9type_infoD2Ev
                0x080096bc        0x4 /opt/st/stm32cubeclt_1.17.0/GNU-tools-for-STM32/bin/../lib/gcc/arm-none-eabi/12.3.1/../../../../arm-none-eabi/lib/thumb/v7-m/nofp/libstdc++.a(tinfo.o)
                0x080096bc                std::type_info::~type_info()
                0x080096bc                std::type_info::~type_info()
 .text._ZNKSt9type_info14__is_pointer_pEv
                0x080096c0        0x4 /opt/st/stm32cubeclt_1.17.0/GNU-tools-for-STM32/bin/../lib/gcc/arm-none-eabi/12.3.1/../../../../arm-none-eabi/lib/thumb/v7-m/nofp/libstdc++.a(tinfo.o)
                0x080096c0                std::type_info::__is_function_p() const
                0x080096c0                std::type_info::__is_pointer_p() const
 .text._ZNKSt9type_infoeqERKS_
                0x080096c4       0x2c /opt/st/stm32cubeclt_1.17.0/GNU-tools-for-STM32/bin/../lib/gcc/arm-none-eabi/12.3.1/../../../../arm-none-eabi/lib/thumb/v7-m/nofp/libstdc++.a(tinfo.o)
                0x080096c4                std::type_info::__equal(std::type_info const&) const
                0x080096c4                std::type_info::operator==(std::type_info const&) const
 .text._ZdlPv   0x080096f0        0x4 /opt/st/stm32cubeclt_1.17.0/GNU-tools-for-STM32/bin/../lib/gcc/arm-none-eabi/12.3.1/../../../../arm-none-eabi/lib/thumb/v7-m/nofp/libstdc++.a(del_op.o)
                0x080096f0                operator delete(void*)
 .text.log      0x080096f4       0x64 /opt/st/stm32cubeclt_1.17.0/GNU-tools-for-STM32/bin/../lib/gcc/arm-none-eabi/12.3.1/../../../../arm-none-eabi/lib/thumb/v7-m/nofp/libm.a(libm_a-w_log.o)
                0x080096f4                log
 .text.sqrtf    0x08009758       0x34 /opt/st/stm32cubeclt_1.17.0/GNU-tools-for-STM32/bin/../lib/gcc/arm-none-eabi/12.3.1/../../../../arm-none-eabi/lib/thumb/v7-m/nofp/libm.a(libm_a-wf_sqrt.o)
                0x08009758                sqrtf
 .text.nan      0x0800978c        0xc /opt/st/stm32cubeclt_1.17.0/GNU-tools-for-STM32/bin/../lib/gcc/arm-none-eabi/12.3.1/../../../../arm-none-eabi/lib/thumb/v7-m/nofp/libm.a(libm_a-s_nan.o)
                0x0800978c                nan
 .text.__ieee754_sqrtf
                0x08009798       0xe0 /opt/st/stm32cubeclt_1.17.0/GNU-tools-for-STM32/bin/../lib/gcc/arm-none-eabi/12.3.1/../../../../arm-none-eabi/lib/thumb/v7-m/nofp/libm.a(libm_a-ef_sqrt.o)
                0x08009798                __ieee754_sqrtf
 .text.__ieee754_log
                0x08009878      0x364 /opt/st/stm32cubeclt_1.17.0/GNU-tools-for-STM32/bin/../lib/gcc/arm-none-eabi/12.3.1/../../../../arm-none-eabi/lib/thumb/v7-m/nofp/libm.a(libm_a-e_log.o)
                0x08009878                __ieee754_log
 .text.abort    0x08009bdc        0xe /opt/st/stm32cubeclt_1.17.0/GNU-tools-for-STM32/bin/../lib/gcc/arm-none-eabi/12.3.1/../../../../arm-none-eabi/lib/thumb/v7-m/nofp/libg.a(libc_a-abort.o)
                0x08009bdc                abort
 .text.atof     0x08009bea        0x6 /opt/st/stm32cubeclt_1.17.0/GNU-tools-for-STM32/bin/../lib/gcc/arm-none-eabi/12.3.1/../../../../arm-none-eabi/lib/thumb/v7-m/nofp/libg.a(libc_a-atof.o)
                0x08009bea                atof
 .text.malloc   0x08009bf0       0x10 /opt/st/stm32cubeclt_1.17.0/GNU-tools-for-STM32/bin/../lib/gcc/arm-none-eabi/12.3.1/../../../../arm-none-eabi/lib/thumb/v7-m/nofp/libg.a(libc_a-malloc.o)
                0x08009bf0                malloc
 .text.free     0x08009c00       0x10 /opt/st/stm32cubeclt_1.17.0/GNU-tools-for-STM32/bin/../lib/gcc/arm-none-eabi/12.3.1/../../../../arm-none-eabi/lib/thumb/v7-m/nofp/libg.a(libc_a-malloc.o)
                0x08009c00                free
 .text._malloc_r
                0x08009c10      0x474 /opt/st/stm32cubeclt_1.17.0/GNU-tools-for-STM32/bin/../lib/gcc/arm-none-eabi/12.3.1/../../../../arm-none-eabi/lib/thumb/v7-m/nofp/libg.a(libc_a-mallocr.o)
                0x08009c10                _malloc_r
 .text.__malloc_lock
                0x0800a084        0xc /opt/st/stm32cubeclt_1.17.0/GNU-tools-for-STM32/bin/../lib/gcc/arm-none-eabi/12.3.1/../../../../arm-none-eabi/lib/thumb/v7-m/nofp/libg.a(libc_a-mlock.o)
                0x0800a084                __malloc_lock
 .text.__malloc_unlock
                0x0800a090        0xc /opt/st/stm32cubeclt_1.17.0/GNU-tools-for-STM32/bin/../lib/gcc/arm-none-eabi/12.3.1/../../../../arm-none-eabi/lib/thumb/v7-m/nofp/libg.a(libc_a-mlock.o)
                0x0800a090                __malloc_unlock
 .text.sulp     0x0800a09c       0x42 /opt/st/stm32cubeclt_1.17.0/GNU-tools-for-STM32/bin/../lib/gcc/arm-none-eabi/12.3.1/../../../../arm-none-eabi/lib/thumb/v7-m/nofp/libg.a(libc_a-strtod.o)
 *fill*         0x0800a0de        0x2 
 .text._strtod_l
                0x0800a0e0      0xbb0 /opt/st/stm32cubeclt_1.17.0/GNU-tools-for-STM32/bin/../lib/gcc/arm-none-eabi/12.3.1/../../../../arm-none-eabi/lib/thumb/v7-m/nofp/libg.a(libc_a-strtod.o)
                0x0800a0e0                _strtod_l
 .text.strtod   0x0800ac90       0x18 /opt/st/stm32cubeclt_1.17.0/GNU-tools-for-STM32/bin/../lib/gcc/arm-none-eabi/12.3.1/../../../../arm-none-eabi/lib/thumb/v7-m/nofp/libg.a(libc_a-strtod.o)
                0x0800ac90                strtod
 .text.std      0x0800aca8       0x6c /opt/st/stm32cubeclt_1.17.0/GNU-tools-for-STM32/bin/../lib/gcc/arm-none-eabi/12.3.1/../../../../arm-none-eabi/lib/thumb/v7-m/nofp/libg.a(libc_a-findfp.o)
 .text.stdio_exit_handler
                0x0800ad14       0x18 /opt/st/stm32cubeclt_1.17.0/GNU-tools-for-STM32/bin/../lib/gcc/arm-none-eabi/12.3.1/../../../../arm-none-eabi/lib/thumb/v7-m/nofp/libg.a(libc_a-findfp.o)
 .text.cleanup_stdio
                0x0800ad2c       0x40 /opt/st/stm32cubeclt_1.17.0/GNU-tools-for-STM32/bin/../lib/gcc/arm-none-eabi/12.3.1/../../../../arm-none-eabi/lib/thumb/v7-m/nofp/libg.a(libc_a-findfp.o)
 .text.global_stdio_init.part.0
                0x0800ad6c       0x3c /opt/st/stm32cubeclt_1.17.0/GNU-tools-for-STM32/bin/../lib/gcc/arm-none-eabi/12.3.1/../../../../arm-none-eabi/lib/thumb/v7-m/nofp/libg.a(libc_a-findfp.o)
 .text.__sfp_lock_acquire
                0x0800ada8        0xc /opt/st/stm32cubeclt_1.17.0/GNU-tools-for-STM32/bin/../lib/gcc/arm-none-eabi/12.3.1/../../../../arm-none-eabi/lib/thumb/v7-m/nofp/libg.a(libc_a-findfp.o)
                0x0800ada8                __sfp_lock_acquire
 .text.__sfp_lock_release